Archive member included to satisfy reference by file (symbol)

/app/stm32cubeide/plugins/com.st.stm32cube.ide.mcu.externaltools.gnu-tools-for-stm32.10.3-2021.10.linux64_1.0.200.202301161003/tools/bin/../lib/gcc/arm-none-eabi/10.3.1/../../../../arm-none-eabi/lib/thumb/v7-m/nofp/libc_nano.a(lib_a-errno.o)
                              ./Core/Src/syscalls.o (__errno)
/app/stm32cubeide/plugins/com.st.stm32cube.ide.mcu.externaltools.gnu-tools-for-stm32.10.3-2021.10.linux64_1.0.200.202301161003/tools/bin/../lib/gcc/arm-none-eabi/10.3.1/../../../../arm-none-eabi/lib/thumb/v7-m/nofp/libc_nano.a(lib_a-exit.o)
                              /app/stm32cubeide/plugins/com.st.stm32cube.ide.mcu.externaltools.gnu-tools-for-stm32.10.3-2021.10.linux64_1.0.200.202301161003/tools/bin/../lib/gcc/arm-none-eabi/10.3.1/../../../../arm-none-eabi/lib/thumb/v7-m/nofp/crt0.o (exit)
/app/stm32cubeide/plugins/com.st.stm32cube.ide.mcu.externaltools.gnu-tools-for-stm32.10.3-2021.10.linux64_1.0.200.202301161003/tools/bin/../lib/gcc/arm-none-eabi/10.3.1/../../../../arm-none-eabi/lib/thumb/v7-m/nofp/libc_nano.a(lib_a-impure.o)
                              /app/stm32cubeide/plugins/com.st.stm32cube.ide.mcu.externaltools.gnu-tools-for-stm32.10.3-2021.10.linux64_1.0.200.202301161003/tools/bin/../lib/gcc/arm-none-eabi/10.3.1/../../../../arm-none-eabi/lib/thumb/v7-m/nofp/libc_nano.a(lib_a-exit.o) (_global_impure_ptr)
/app/stm32cubeide/plugins/com.st.stm32cube.ide.mcu.externaltools.gnu-tools-for-stm32.10.3-2021.10.linux64_1.0.200.202301161003/tools/bin/../lib/gcc/arm-none-eabi/10.3.1/../../../../arm-none-eabi/lib/thumb/v7-m/nofp/libc_nano.a(lib_a-init.o)
                              /app/stm32cubeide/plugins/com.st.stm32cube.ide.mcu.externaltools.gnu-tools-for-stm32.10.3-2021.10.linux64_1.0.200.202301161003/tools/bin/../lib/gcc/arm-none-eabi/10.3.1/../../../../arm-none-eabi/lib/thumb/v7-m/nofp/crt0.o (__libc_init_array)
/app/stm32cubeide/plugins/com.st.stm32cube.ide.mcu.externaltools.gnu-tools-for-stm32.10.3-2021.10.linux64_1.0.200.202301161003/tools/bin/../lib/gcc/arm-none-eabi/10.3.1/../../../../arm-none-eabi/lib/thumb/v7-m/nofp/libc_nano.a(lib_a-memset.o)
                              /app/stm32cubeide/plugins/com.st.stm32cube.ide.mcu.externaltools.gnu-tools-for-stm32.10.3-2021.10.linux64_1.0.200.202301161003/tools/bin/../lib/gcc/arm-none-eabi/10.3.1/../../../../arm-none-eabi/lib/thumb/v7-m/nofp/crt0.o (memset)

Discarded input sections

 .text          0x0000000000000000        0x0 /app/stm32cubeide/plugins/com.st.stm32cube.ide.mcu.externaltools.gnu-tools-for-stm32.10.3-2021.10.linux64_1.0.200.202301161003/tools/bin/../lib/gcc/arm-none-eabi/10.3.1/thumb/v7-m/nofp/crti.o
 .data          0x0000000000000000        0x0 /app/stm32cubeide/plugins/com.st.stm32cube.ide.mcu.externaltools.gnu-tools-for-stm32.10.3-2021.10.linux64_1.0.200.202301161003/tools/bin/../lib/gcc/arm-none-eabi/10.3.1/thumb/v7-m/nofp/crti.o
 .bss           0x0000000000000000        0x0 /app/stm32cubeide/plugins/com.st.stm32cube.ide.mcu.externaltools.gnu-tools-for-stm32.10.3-2021.10.linux64_1.0.200.202301161003/tools/bin/../lib/gcc/arm-none-eabi/10.3.1/thumb/v7-m/nofp/crti.o
 .data          0x0000000000000000        0x4 /app/stm32cubeide/plugins/com.st.stm32cube.ide.mcu.externaltools.gnu-tools-for-stm32.10.3-2021.10.linux64_1.0.200.202301161003/tools/bin/../lib/gcc/arm-none-eabi/10.3.1/thumb/v7-m/nofp/crtbegin.o
 .rodata        0x0000000000000000       0x24 /app/stm32cubeide/plugins/com.st.stm32cube.ide.mcu.externaltools.gnu-tools-for-stm32.10.3-2021.10.linux64_1.0.200.202301161003/tools/bin/../lib/gcc/arm-none-eabi/10.3.1/thumb/v7-m/nofp/crtbegin.o
 .text          0x0000000000000000       0x7c /app/stm32cubeide/plugins/com.st.stm32cube.ide.mcu.externaltools.gnu-tools-for-stm32.10.3-2021.10.linux64_1.0.200.202301161003/tools/bin/../lib/gcc/arm-none-eabi/10.3.1/../../../../arm-none-eabi/lib/thumb/v7-m/nofp/crt0.o
 .data          0x0000000000000000        0x0 /app/stm32cubeide/plugins/com.st.stm32cube.ide.mcu.externaltools.gnu-tools-for-stm32.10.3-2021.10.linux64_1.0.200.202301161003/tools/bin/../lib/gcc/arm-none-eabi/10.3.1/../../../../arm-none-eabi/lib/thumb/v7-m/nofp/crt0.o
 .bss           0x0000000000000000        0x0 /app/stm32cubeide/plugins/com.st.stm32cube.ide.mcu.externaltools.gnu-tools-for-stm32.10.3-2021.10.linux64_1.0.200.202301161003/tools/bin/../lib/gcc/arm-none-eabi/10.3.1/../../../../arm-none-eabi/lib/thumb/v7-m/nofp/crt0.o
 .ARM.extab     0x0000000000000000        0x0 /app/stm32cubeide/plugins/com.st.stm32cube.ide.mcu.externaltools.gnu-tools-for-stm32.10.3-2021.10.linux64_1.0.200.202301161003/tools/bin/../lib/gcc/arm-none-eabi/10.3.1/../../../../arm-none-eabi/lib/thumb/v7-m/nofp/crt0.o
 .ARM.exidx     0x0000000000000000       0x10 /app/stm32cubeide/plugins/com.st.stm32cube.ide.mcu.externaltools.gnu-tools-for-stm32.10.3-2021.10.linux64_1.0.200.202301161003/tools/bin/../lib/gcc/arm-none-eabi/10.3.1/../../../../arm-none-eabi/lib/thumb/v7-m/nofp/crt0.o
[...]
Memory Configuration

Name             Origin             Length             Attributes
RAM              0x0000000020000000 0x0000000000005000 xrw
FLASH            0x0000000008000000 0x0000000000010000 xr
*default*        0x0000000000000000 0xffffffffffffffff

Linker script and memory map

LOAD /app/stm32cubeide/plugins/com.st.stm32cube.ide.mcu.externaltools.gnu-tools-for-stm32.10.3-2021.10.linux64_1.0.200.202301161003/tools/bin/../lib/gcc/arm-none-eabi/10.3.1/thumb/v7-m/nofp/crti.o
LOAD /app/stm32cubeide/plugins/com.st.stm32cube.ide.mcu.externaltools.gnu-tools-for-stm32.10.3-2021.10.linux64_1.0.200.202301161003/tools/bin/../lib/gcc/arm-none-eabi/10.3.1/thumb/v7-m/nofp/crtbegin.o
LOAD /app/stm32cubeide/plugins/com.st.stm32cube.ide.mcu.externaltools.gnu-tools-for-stm32.10.3-2021.10.linux64_1.0.200.202301161003/tools/bin/../lib/gcc/arm-none-eabi/10.3.1/../../../../arm-none-eabi/lib/thumb/v7-m/nofp/crt0.o
LOAD ./Core/Src/key_functions.o
LOAD ./Core/Src/main.o
LOAD ./Core/Src/stm32f1xx_hal_msp.o
LOAD ./Core/Src/stm32f1xx_it.o
LOAD ./Core/Src/syscalls.o
LOAD ./Core/Src/sysmem.o
LOAD ./Core/Src/system_stm32f1xx.o
LOAD ./Core/Startup/startup_stm32f103c8tx.o
LOAD ./Drivers/STM32F1xx_HAL_Driver/Src/stm32f1xx_hal.o
LOAD ./Drivers/STM32F1xx_HAL_Driver/Src/stm32f1xx_hal_cortex.o
LOAD ./Drivers/STM32F1xx_HAL_Driver/Src/stm32f1xx_hal_dma.o
LOAD ./Drivers/STM32F1xx_HAL_Driver/Src/stm32f1xx_hal_exti.o
LOAD ./Drivers/STM32F1xx_HAL_Driver/Src/stm32f1xx_hal_flash.o
LOAD ./Drivers/STM32F1xx_HAL_Driver/Src/stm32f1xx_hal_flash_ex.o
LOAD ./Drivers/STM32F1xx_HAL_Driver/Src/stm32f1xx_hal_gpio.o
LOAD ./Drivers/STM32F1xx_HAL_Driver/Src/stm32f1xx_hal_gpio_ex.o
LOAD ./Drivers/STM32F1xx_HAL_Driver/Src/stm32f1xx_hal_pcd.o
LOAD ./Drivers/STM32F1xx_HAL_Driver/Src/stm32f1xx_hal_pcd_ex.o
LOAD ./Drivers/STM32F1xx_HAL_Driver/Src/stm32f1xx_hal_pwr.o
LOAD ./Drivers/STM32F1xx_HAL_Driver/Src/stm32f1xx_hal_rcc.o
LOAD ./Drivers/STM32F1xx_HAL_Driver/Src/stm32f1xx_hal_rcc_ex.o
LOAD ./Drivers/STM32F1xx_HAL_Driver/Src/stm32f1xx_hal_tim.o
LOAD ./Drivers/STM32F1xx_HAL_Driver/Src/stm32f1xx_hal_tim_ex.o
LOAD ./Drivers/STM32F1xx_HAL_Driver/Src/stm32f1xx_ll_usb.o
LOAD ./Middlewares/ST/STM32_USB_Device_Library/Class/HID/Src/usbd_hid.o
LOAD ./Middlewares/ST/STM32_USB_Device_Library/Core/Src/usbd_core.o
LOAD ./Middlewares/ST/STM32_USB_Device_Library/Core/Src/usbd_ctlreq.o
LOAD ./Middlewares/ST/STM32_USB_Device_Library/Core/Src/usbd_ioreq.o
LOAD ./USB_DEVICE/App/usb_device.o
LOAD ./USB_DEVICE/App/usbd_desc.o
LOAD ./USB_DEVICE/Target/usbd_conf.o
START GROUP
LOAD /app/stm32cubeide/plugins/com.st.stm32cube.ide.mcu.externaltools.gnu-tools-for-stm32.10.3-2021.10.linux64_1.0.200.202301161003/tools/bin/../lib/gcc/arm-none-eabi/10.3.1/../../../../arm-none-eabi/lib/thumb/v7-m/nofp/libc_nano.a
LOAD /app/stm32cubeide/plugins/com.st.stm32cube.ide.mcu.externaltools.gnu-tools-for-stm32.10.3-2021.10.linux64_1.0.200.202301161003/tools/bin/../lib/gcc/arm-none-eabi/10.3.1/../../../../arm-none-eabi/lib/thumb/v7-m/nofp/libm.a
END GROUP
START GROUP
LOAD /app/stm32cubeide/plugins/com.st.stm32cube.ide.mcu.externaltools.gnu-tools-for-stm32.10.3-2021.10.linux64_1.0.200.202301161003/tools/bin/../lib/gcc/arm-none-eabi/10.3.1/thumb/v7-m/nofp/libgcc.a
LOAD /app/stm32cubeide/plugins/com.st.stm32cube.ide.mcu.externaltools.gnu-tools-for-stm32.10.3-2021.10.linux64_1.0.200.202301161003/tools/bin/../lib/gcc/arm-none-eabi/10.3.1/../../../../arm-none-eabi/lib/thumb/v7-m/nofp/libc_nano.a
END GROUP
START GROUP
LOAD /app/stm32cubeide/plugins/com.st.stm32cube.ide.mcu.externaltools.gnu-tools-for-stm32.10.3-2021.10.linux64_1.0.200.202301161003/tools/bin/../lib/gcc/arm-none-eabi/10.3.1/thumb/v7-m/nofp/libgcc.a
LOAD /app/stm32cubeide/plugins/com.st.stm32cube.ide.mcu.externaltools.gnu-tools-for-stm32.10.3-2021.10.linux64_1.0.200.202301161003/tools/bin/../lib/gcc/arm-none-eabi/10.3.1/../../../../arm-none-eabi/lib/thumb/v7-m/nofp/libc_nano.a
LOAD /app/stm32cubeide/plugins/com.st.stm32cube.ide.mcu.externaltools.gnu-tools-for-stm32.10.3-2021.10.linux64_1.0.200.202301161003/tools/bin/../lib/gcc/arm-none-eabi/10.3.1/../../../../arm-none-eabi/lib/thumb/v7-m/nofp/libnosys.a
END GROUP
START GROUP
LOAD /app/stm32cubeide/plugins/com.st.stm32cube.ide.mcu.externaltools.gnu-tools-for-stm32.10.3-2021.10.linux64_1.0.200.202301161003/tools/bin/../lib/gcc/arm-none-eabi/10.3.1/thumb/v7-m/nofp/libgcc.a
LOAD /app/stm32cubeide/plugins/com.st.stm32cube.ide.mcu.externaltools.gnu-tools-for-stm32.10.3-2021.10.linux64_1.0.200.202301161003/tools/bin/../lib/gcc/arm-none-eabi/10.3.1/../../../../arm-none-eabi/lib/thumb/v7-m/nofp/libc_nano.a
LOAD /app/stm32cubeide/plugins/com.st.stm32cube.ide.mcu.externaltools.gnu-tools-for-stm32.10.3-2021.10.linux64_1.0.200.202301161003/tools/bin/../lib/gcc/arm-none-eabi/10.3.1/../../../../arm-none-eabi/lib/thumb/v7-m/nofp/libnosys.a
END GROUP
LOAD /app/stm32cubeide/plugins/com.st.stm32cube.ide.mcu.externaltools.gnu-tools-for-stm32.10.3-2021.10.linux64_1.0.200.202301161003/tools/bin/../lib/gcc/arm-none-eabi/10.3.1/thumb/v7-m/nofp/crtend.o
LOAD /app/stm32cubeide/plugins/com.st.stm32cube.ide.mcu.externaltools.gnu-tools-for-stm32.10.3-2021.10.linux64_1.0.200.202301161003/tools/bin/../lib/gcc/arm-none-eabi/10.3.1/thumb/v7-m/nofp/crtn.o
                0x0000000020005000                _estack = (ORIGIN (RAM) + LENGTH (RAM))
                0x0000000000000200                _Min_Heap_Size = 0x200
                0x0000000000000400                _Min_Stack_Size = 0x400

.isr_vector     0x0000000008000000      0x10c
                0x0000000008000000                . = ALIGN (0x4)
 *(.isr_vector)
 .isr_vector    0x0000000008000000      0x10c ./Core/Startup/startup_stm32f103c8tx.o
                0x0000000008000000                g_pfnVectors
                0x000000000800010c                . = ALIGN (0x4)

.text           0x000000000800010c     0x7178
                0x000000000800010c                . = ALIGN (0x4)
 *(.text)
 .text          0x000000000800010c       0x40 /app/stm32cubeide/plugins/com.st.stm32cube.ide.mcu.externaltools.gnu-tools-for-stm32.10.3-2021.10.linux64_1.0.200.202301161003/tools/bin/../lib/gcc/arm-none-eabi/10.3.1/thumb/v7-m/nofp/crtbegin.o
 *(.text*)
 .text.check_matrix
                0x000000000800014c       0xec ./Core/Src/key_functions.o
                0x000000000800014c                check_matrix
 .text.main     0x0000000008000238       0x1a ./Core/Src/main.o
                0x0000000008000238                main
 .text.SystemClock_Config
                0x0000000008000252       0xb8 ./Core/Src/main.o
                0x0000000008000252                SystemClock_Config
 *fill*         0x000000000800030a        0x2 
 .text.MX_GPIO_Init
                0x000000000800030c       0xec ./Core/Src/main.o
 .text.Error_Handler
                0x00000000080003f8        0xa ./Core/Src/main.o
                0x00000000080003f8                Error_Handler
 *fill*         0x0000000008000402        0x2 
 .text.HAL_MspInit
                0x0000000008000404       0x64 ./Core/Src/stm32f1xx_hal_msp.o
                0x0000000008000404                HAL_MspInit
 .text.NMI_Handler
                0x0000000008000468        0x6 ./Core/Src/stm32f1xx_it.o
                0x0000000008000468                NMI_Handler
 .text.HardFault_Handler
                0x000000000800046e        0x6 ./Core/Src/stm32f1xx_it.o
                0x000000000800046e                HardFault_Handler
 .text.MemManage_Handler
                0x0000000008000474        0x6 ./Core/Src/stm32f1xx_it.o
                0x0000000008000474                MemManage_Handler
 .text.BusFault_Handler
                0x000000000800047a        0x6 ./Core/Src/stm32f1xx_it.o
                0x000000000800047a                BusFault_Handler
 .text.UsageFault_Handler
                0x0000000008000480        0x6 ./Core/Src/stm32f1xx_it.o
                0x0000000008000480                UsageFault_Handler
 .text.SVC_Handler
                0x0000000008000486        0xc ./Core/Src/stm32f1xx_it.o
                0x0000000008000486                SVC_Handler
 .text.DebugMon_Handler
                0x0000000008000492        0xc ./Core/Src/stm32f1xx_it.o
                0x0000000008000492                DebugMon_Handler
 .text.PendSV_Handler
                0x000000000800049e        0xc ./Core/Src/stm32f1xx_it.o
                0x000000000800049e                PendSV_Handler
 .text.SysTick_Handler
                0x00000000080004aa        0xc ./Core/Src/stm32f1xx_it.o
                0x00000000080004aa                SysTick_Handler
 *fill*         0x00000000080004b6        0x2 
 .text.USB_LP_CAN1_RX0_IRQHandler
                0x00000000080004b8       0x14 ./Core/Src/stm32f1xx_it.o
                0x00000000080004b8                USB_LP_CAN1_RX0_IRQHandler
 .text.SystemInit
                0x00000000080004cc        0xc ./Core/Src/system_stm32f1xx.o
                0x00000000080004cc                SystemInit
 .text.Reset_Handler
                0x00000000080004d8       0x48 ./Core/Startup/startup_stm32f103c8tx.o
                0x00000000080004d8                Reset_Handler
 .text.Default_Handler
                0x0000000008000520        0x2 ./Core/Startup/startup_stm32f103c8tx.o
                0x0000000008000520                RTC_Alarm_IRQHandler
                0x0000000008000520                EXTI2_IRQHandler
                0x0000000008000520                TIM1_CC_IRQHandler
                0x0000000008000520                PVD_IRQHandler
                0x0000000008000520                EXTI3_IRQHandler
                0x0000000008000520                EXTI0_IRQHandler
                0x0000000008000520                I2C2_EV_IRQHandler
                0x0000000008000520                ADC1_2_IRQHandler
                0x0000000008000520                SPI1_IRQHandler
                0x0000000008000520                TAMPER_IRQHandler
                0x0000000008000520                DMA1_Channel4_IRQHandler
                0x0000000008000520                USART3_IRQHandler
                0x0000000008000520                RTC_IRQHandler
                0x0000000008000520                DMA1_Channel7_IRQHandler
                0x0000000008000520                CAN1_RX1_IRQHandler
                0x0000000008000520                TIM4_IRQHandler
                0x0000000008000520                I2C1_EV_IRQHandler
                0x0000000008000520                DMA1_Channel6_IRQHandler
                0x0000000008000520                TIM3_IRQHandler
                0x0000000008000520                RCC_IRQHandler
                0x0000000008000520                TIM1_TRG_COM_IRQHandler
                0x0000000008000520                DMA1_Channel1_IRQHandler
                0x0000000008000520                Default_Handler
                0x0000000008000520                EXTI15_10_IRQHandler
                0x0000000008000520                EXTI9_5_IRQHandler
                0x0000000008000520                SPI2_IRQHandler
                0x0000000008000520                DMA1_Channel5_IRQHandler
                0x0000000008000520                EXTI4_IRQHandler
                0x0000000008000520                USB_HP_CAN1_TX_IRQHandler
                0x0000000008000520                DMA1_Channel3_IRQHandler
                0x0000000008000520                TIM1_UP_IRQHandler
                0x0000000008000520                WWDG_IRQHandler
                0x0000000008000520                TIM2_IRQHandler
                0x0000000008000520                TIM1_BRK_IRQHandler
                0x0000000008000520                EXTI1_IRQHandler
                0x0000000008000520                USART2_IRQHandler
                0x0000000008000520                I2C2_ER_IRQHandler
                0x0000000008000520                DMA1_Channel2_IRQHandler
                0x0000000008000520                CAN1_SCE_IRQHandler
                0x0000000008000520                FLASH_IRQHandler
                0x0000000008000520                USART1_IRQHandler
                0x0000000008000520                I2C1_ER_IRQHandler
                0x0000000008000520                USBWakeUp_IRQHandler
 *fill*         0x0000000008000522        0x2 
 .text.HAL_Init
                0x0000000008000524       0x2c ./Drivers/STM32F1xx_HAL_Driver/Src/stm32f1xx_hal.o
                0x0000000008000524                HAL_Init
 .text.HAL_InitTick
                0x0000000008000550       0x60 ./Drivers/STM32F1xx_HAL_Driver/Src/stm32f1xx_hal.o
                0x0000000008000550                HAL_InitTick
 .text.HAL_IncTick
                0x00000000080005b0       0x24 ./Drivers/STM32F1xx_HAL_Driver/Src/stm32f1xx_hal.o
                0x00000000080005b0                HAL_IncTick
 .text.HAL_GetTick
                0x00000000080005d4       0x14 ./Drivers/STM32F1xx_HAL_Driver/Src/stm32f1xx_hal.o
                0x00000000080005d4                HAL_GetTick
 .text.__NVIC_SetPriorityGrouping
                0x00000000080005e8       0x48 ./Drivers/STM32F1xx_HAL_Driver/Src/stm32f1xx_hal_cortex.o
 .text.__NVIC_GetPriorityGrouping
                0x0000000008000630       0x1c ./Drivers/STM32F1xx_HAL_Driver/Src/stm32f1xx_hal_cortex.o
 .text.__NVIC_EnableIRQ
                0x000000000800064c       0x38 ./Drivers/STM32F1xx_HAL_Driver/Src/stm32f1xx_hal_cortex.o
 .text.__NVIC_SetPriority
                0x0000000008000684       0x54 ./Drivers/STM32F1xx_HAL_Driver/Src/stm32f1xx_hal_cortex.o
 .text.NVIC_EncodePriority
                0x00000000080006d8       0x64 ./Drivers/STM32F1xx_HAL_Driver/Src/stm32f1xx_hal_cortex.o
 .text.SysTick_Config
                0x000000000800073c       0x44 ./Drivers/STM32F1xx_HAL_Driver/Src/stm32f1xx_hal_cortex.o
 .text.HAL_NVIC_SetPriorityGrouping
                0x0000000008000780       0x16 ./Drivers/STM32F1xx_HAL_Driver/Src/stm32f1xx_hal_cortex.o
                0x0000000008000780                HAL_NVIC_SetPriorityGrouping
 .text.HAL_NVIC_SetPriority
                0x0000000008000796       0x38 ./Drivers/STM32F1xx_HAL_Driver/Src/stm32f1xx_hal_cortex.o
                0x0000000008000796                HAL_NVIC_SetPriority
 .text.HAL_NVIC_EnableIRQ
                0x00000000080007ce       0x1c ./Drivers/STM32F1xx_HAL_Driver/Src/stm32f1xx_hal_cortex.o
                0x00000000080007ce                HAL_NVIC_EnableIRQ
 .text.HAL_SYSTICK_Config
                0x00000000080007ea       0x18 ./Drivers/STM32F1xx_HAL_Driver/Src/stm32f1xx_hal_cortex.o
                0x00000000080007ea                HAL_SYSTICK_Config
 *fill*         0x0000000008000802        0x2 
 .text.HAL_GPIO_Init
                0x0000000008000804      0x308 ./Drivers/STM32F1xx_HAL_Driver/Src/stm32f1xx_hal_gpio.o
                0x0000000008000804                HAL_GPIO_Init
 .text.HAL_GPIO_ReadPin
                0x0000000008000b0c       0x2e ./Drivers/STM32F1xx_HAL_Driver/Src/stm32f1xx_hal_gpio.o
                0x0000000008000b0c                HAL_GPIO_ReadPin
 .text.HAL_GPIO_WritePin
                0x0000000008000b3a       0x30 ./Drivers/STM32F1xx_HAL_Driver/Src/stm32f1xx_hal_gpio.o
                0x0000000008000b3a                HAL_GPIO_WritePin
 .text.HAL_PCD_Init
                0x0000000008000b6a      0x1fe ./Drivers/STM32F1xx_HAL_Driver/Src/stm32f1xx_hal_pcd.o
                0x0000000008000b6a                HAL_PCD_Init
 .text.HAL_PCD_Start
                0x0000000008000d68       0x4c ./Drivers/STM32F1xx_HAL_Driver/Src/stm32f1xx_hal_pcd.o
                0x0000000008000d68                HAL_PCD_Start
 .text.HAL_PCD_IRQHandler
                0x0000000008000db4      0x260 ./Drivers/STM32F1xx_HAL_Driver/Src/stm32f1xx_hal_pcd.o
                0x0000000008000db4                HAL_PCD_IRQHandler
 .text.HAL_PCD_SetAddress
                0x0000000008001014       0x4a ./Drivers/STM32F1xx_HAL_Driver/Src/stm32f1xx_hal_pcd.o
                0x0000000008001014                HAL_PCD_SetAddress
 .text.HAL_PCD_EP_Open
                0x000000000800105e       0xba ./Drivers/STM32F1xx_HAL_Driver/Src/stm32f1xx_hal_pcd.o
                0x000000000800105e                HAL_PCD_EP_Open
 .text.HAL_PCD_EP_Close
                0x0000000008001118       0x90 ./Drivers/STM32F1xx_HAL_Driver/Src/stm32f1xx_hal_pcd.o
                0x0000000008001118                HAL_PCD_EP_Close
 .text.HAL_PCD_EP_Receive
                0x00000000080011a8       0x62 ./Drivers/STM32F1xx_HAL_Driver/Src/stm32f1xx_hal_pcd.o
                0x00000000080011a8                HAL_PCD_EP_Receive
 .text.HAL_PCD_EP_Transmit
                0x000000000800120a       0x6e ./Drivers/STM32F1xx_HAL_Driver/Src/stm32f1xx_hal_pcd.o
                0x000000000800120a                HAL_PCD_EP_Transmit
 .text.HAL_PCD_EP_SetStall
                0x0000000008001278       0xc0 ./Drivers/STM32F1xx_HAL_Driver/Src/stm32f1xx_hal_pcd.o
                0x0000000008001278                HAL_PCD_EP_SetStall
 .text.HAL_PCD_EP_ClrStall
                0x0000000008001338       0xa8 ./Drivers/STM32F1xx_HAL_Driver/Src/stm32f1xx_hal_pcd.o
                0x0000000008001338                HAL_PCD_EP_ClrStall
 .text.PCD_EP_ISR_Handler
                0x00000000080013e0      0x7a6 ./Drivers/STM32F1xx_HAL_Driver/Src/stm32f1xx_hal_pcd.o
 .text.HAL_PCD_EP_DB_Receive
                0x0000000008001b86      0x21a ./Drivers/STM32F1xx_HAL_Driver/Src/stm32f1xx_hal_pcd.o
 .text.HAL_PCD_EP_DB_Transmit
                0x0000000008001da0      0x7f4 ./Drivers/STM32F1xx_HAL_Driver/Src/stm32f1xx_hal_pcd.o
 .text.HAL_PCDEx_PMAConfig
                0x0000000008002594       0x84 ./Drivers/STM32F1xx_HAL_Driver/Src/stm32f1xx_hal_pcd_ex.o
                0x0000000008002594                HAL_PCDEx_PMAConfig
 .text.HAL_RCC_OscConfig
                0x0000000008002618      0x504 ./Drivers/STM32F1xx_HAL_Driver/Src/stm32f1xx_hal_rcc.o
                0x0000000008002618                HAL_RCC_OscConfig
 .text.HAL_RCC_ClockConfig
                0x0000000008002b1c      0x1d4 ./Drivers/STM32F1xx_HAL_Driver/Src/stm32f1xx_hal_rcc.o
                0x0000000008002b1c                HAL_RCC_ClockConfig
 .text.HAL_RCC_GetSysClockFreq
                0x0000000008002cf0       0xa8 ./Drivers/STM32F1xx_HAL_Driver/Src/stm32f1xx_hal_rcc.o
                0x0000000008002cf0                HAL_RCC_GetSysClockFreq
 .text.RCC_Delay
                0x0000000008002d98       0x3c ./Drivers/STM32F1xx_HAL_Driver/Src/stm32f1xx_hal_rcc.o
 .text.HAL_RCCEx_PeriphCLKConfig
                0x0000000008002dd4      0x16c ./Drivers/STM32F1xx_HAL_Driver/Src/stm32f1xx_hal_rcc_ex.o
                0x0000000008002dd4                HAL_RCCEx_PeriphCLKConfig
 .text.USB_CoreInit
                0x0000000008002f40       0x20 ./Drivers/STM32F1xx_HAL_Driver/Src/stm32f1xx_ll_usb.o
                0x0000000008002f40                USB_CoreInit
 .text.USB_EnableGlobalInt
                0x0000000008002f60       0x2c ./Drivers/STM32F1xx_HAL_Driver/Src/stm32f1xx_ll_usb.o
                0x0000000008002f60                USB_EnableGlobalInt
 .text.USB_DisableGlobalInt
                0x0000000008002f8c       0x34 ./Drivers/STM32F1xx_HAL_Driver/Src/stm32f1xx_ll_usb.o
                0x0000000008002f8c                USB_DisableGlobalInt
 .text.USB_SetCurrentMode
                0x0000000008002fc0       0x18 ./Drivers/STM32F1xx_HAL_Driver/Src/stm32f1xx_ll_usb.o
                0x0000000008002fc0                USB_SetCurrentMode
 .text.USB_DevInit
                0x0000000008002fd8       0x40 ./Drivers/STM32F1xx_HAL_Driver/Src/stm32f1xx_ll_usb.o
                0x0000000008002fd8                USB_DevInit
 .text.USB_ActivateEndpoint
                0x0000000008003018      0x780 ./Drivers/STM32F1xx_HAL_Driver/Src/stm32f1xx_ll_usb.o
                0x0000000008003018                USB_ActivateEndpoint
 .text.USB_DeactivateEndpoint
                0x0000000008003798      0x3d8 ./Drivers/STM32F1xx_HAL_Driver/Src/stm32f1xx_ll_usb.o
                0x0000000008003798                USB_DeactivateEndpoint
 .text.USB_EPStartXfer
                0x0000000008003b70     0x1762 ./Drivers/STM32F1xx_HAL_Driver/Src/stm32f1xx_ll_usb.o
                0x0000000008003b70                USB_EPStartXfer
 .text.USB_EPSetStall
                0x00000000080052d2       0xa0 ./Drivers/STM32F1xx_HAL_Driver/Src/stm32f1xx_ll_usb.o
                0x00000000080052d2                USB_EPSetStall
 .text.USB_EPClearStall
                0x0000000008005372      0x15a ./Drivers/STM32F1xx_HAL_Driver/Src/stm32f1xx_ll_usb.o
                0x0000000008005372                USB_EPClearStall
 .text.USB_SetDevAddress
                0x00000000080054cc       0x26 ./Drivers/STM32F1xx_HAL_Driver/Src/stm32f1xx_ll_usb.o
                0x00000000080054cc                USB_SetDevAddress
 .text.USB_DevConnect
                0x00000000080054f2       0x14 ./Drivers/STM32F1xx_HAL_Driver/Src/stm32f1xx_ll_usb.o
                0x00000000080054f2                USB_DevConnect
 .text.USB_DevDisconnect
                0x0000000008005506       0x14 ./Drivers/STM32F1xx_HAL_Driver/Src/stm32f1xx_ll_usb.o
                0x0000000008005506                USB_DevDisconnect
 .text.USB_ReadInterrupts
                0x000000000800551a       0x1e ./Drivers/STM32F1xx_HAL_Driver/Src/stm32f1xx_ll_usb.o
                0x000000000800551a                USB_ReadInterrupts
 .text.USB_EP0_OutStart
                0x0000000008005538       0x16 ./Drivers/STM32F1xx_HAL_Driver/Src/stm32f1xx_ll_usb.o
                0x0000000008005538                USB_EP0_OutStart
 .text.USB_WritePMA
                0x000000000800554e       0x8a ./Drivers/STM32F1xx_HAL_Driver/Src/stm32f1xx_ll_usb.o
                0x000000000800554e                USB_WritePMA
 .text.USB_ReadPMA
                0x00000000080055d8       0x9e ./Drivers/STM32F1xx_HAL_Driver/Src/stm32f1xx_ll_usb.o
                0x00000000080055d8                USB_ReadPMA
 .text.USBD_HID_Init
                0x0000000008005676       0x4e ./Middlewares/ST/STM32_USB_Device_Library/Class/HID/Src/usbd_hid.o
 .text.USBD_HID_DeInit
                0x00000000080056c4       0x42 ./Middlewares/ST/STM32_USB_Device_Library/Class/HID/Src/usbd_hid.o
 *fill*         0x0000000008005706        0x2 
 .text.USBD_HID_Setup
                0x0000000008005708      0x1fc ./Middlewares/ST/STM32_USB_Device_Library/Class/HID/Src/usbd_hid.o
 .text.USBD_HID_GetFSCfgDesc
                0x0000000008005904       0x20 ./Middlewares/ST/STM32_USB_Device_Library/Class/HID/Src/usbd_hid.o
 .text.USBD_HID_GetHSCfgDesc
                0x0000000008005924       0x20 ./Middlewares/ST/STM32_USB_Device_Library/Class/HID/Src/usbd_hid.o
 .text.USBD_HID_GetOtherSpeedCfgDesc
                0x0000000008005944       0x20 ./Middlewares/ST/STM32_USB_Device_Library/Class/HID/Src/usbd_hid.o
 .text.USBD_HID_DataIn
                0x0000000008005964       0x22 ./Middlewares/ST/STM32_USB_Device_Library/Class/HID/Src/usbd_hid.o
 *fill*         0x0000000008005986        0x2 
 .text.USBD_HID_GetDeviceQualifierDesc
                0x0000000008005988       0x20 ./Middlewares/ST/STM32_USB_Device_Library/Class/HID/Src/usbd_hid.o
 .text.USBD_Init
                0x00000000080059a8       0x56 ./Middlewares/ST/STM32_USB_Device_Library/Core/Src/usbd_core.o
                0x00000000080059a8                USBD_Init
 .text.USBD_RegisterClass
                0x00000000080059fe       0x32 ./Middlewares/ST/STM32_USB_Device_Library/Core/Src/usbd_core.o
                0x00000000080059fe                USBD_RegisterClass
 .text.USBD_Start
                0x0000000008005a30       0x18 ./Middlewares/ST/STM32_USB_Device_Library/Core/Src/usbd_core.o
                0x0000000008005a30                USBD_Start
 .text.USBD_RunTestMode
                0x0000000008005a48       0x14 ./Middlewares/ST/STM32_USB_Device_Library/Core/Src/usbd_core.o
                0x0000000008005a48                USBD_RunTestMode
 .text.USBD_SetClassConfig
                0x0000000008005a5c       0x3e ./Middlewares/ST/STM32_USB_Device_Library/Core/Src/usbd_core.o
                0x0000000008005a5c                USBD_SetClassConfig
 .text.USBD_ClrClassConfig
                0x0000000008005a9a       0x26 ./Middlewares/ST/STM32_USB_Device_Library/Core/Src/usbd_core.o
                0x0000000008005a9a                USBD_ClrClassConfig
 .text.USBD_LL_SetupStage
                0x0000000008005ac0       0x9a ./Middlewares/ST/STM32_USB_Device_Library/Core/Src/usbd_core.o
                0x0000000008005ac0                USBD_LL_SetupStage
 .text.USBD_LL_DataOutStage
                0x0000000008005b5a       0xe2 ./Middlewares/ST/STM32_USB_Device_Library/Core/Src/usbd_core.o
                0x0000000008005b5a                USBD_LL_DataOutStage
 .text.USBD_LL_DataInStage
                0x0000000008005c3c      0x14a ./Middlewares/ST/STM32_USB_Device_Library/Core/Src/usbd_core.o
                0x0000000008005c3c                USBD_LL_DataInStage
 .text.USBD_LL_Reset
                0x0000000008005d86       0x82 ./Middlewares/ST/STM32_USB_Device_Library/Core/Src/usbd_core.o
                0x0000000008005d86                USBD_LL_Reset
 .text.USBD_LL_SetSpeed
                0x0000000008005e08       0x1e ./Middlewares/ST/STM32_USB_Device_Library/Core/Src/usbd_core.o
                0x0000000008005e08                USBD_LL_SetSpeed
 .text.USBD_LL_Suspend
                0x0000000008005e26       0x28 ./Middlewares/ST/STM32_USB_Device_Library/Core/Src/usbd_core.o
                0x0000000008005e26                USBD_LL_Suspend
 .text.USBD_LL_Resume
                0x0000000008005e4e       0x2a ./Middlewares/ST/STM32_USB_Device_Library/Core/Src/usbd_core.o
                0x0000000008005e4e                USBD_LL_Resume
 .text.USBD_LL_SOF
                0x0000000008005e78       0x34 ./Middlewares/ST/STM32_USB_Device_Library/Core/Src/usbd_core.o
                0x0000000008005e78                USBD_LL_SOF
 .text.USBD_StdDevReq
                0x0000000008005eac       0xd4 ./Middlewares/ST/STM32_USB_Device_Library/Core/Src/usbd_ctlreq.o
                0x0000000008005eac                USBD_StdDevReq
 .text.USBD_StdItfReq
                0x0000000008005f80       0x90 ./Middlewares/ST/STM32_USB_Device_Library/Core/Src/usbd_ctlreq.o
                0x0000000008005f80                USBD_StdItfReq
 .text.USBD_StdEPReq
                0x0000000008006010      0x2c6 ./Middlewares/ST/STM32_USB_Device_Library/Core/Src/usbd_ctlreq.o
                0x0000000008006010                USBD_StdEPReq
 *fill*         0x00000000080062d6        0x2 
 .text.USBD_GetDescriptor
                0x00000000080062d8      0x2d0 ./Middlewares/ST/STM32_USB_Device_Library/Core/Src/usbd_ctlreq.o
 .text.USBD_SetAddress
                0x00000000080065a8       0x86 ./Middlewares/ST/STM32_USB_Device_Library/Core/Src/usbd_ctlreq.o
 *fill*         0x000000000800662e        0x2 
 .text.USBD_SetConfig
                0x0000000008006630      0x11c ./Middlewares/ST/STM32_USB_Device_Library/Core/Src/usbd_ctlreq.o
 .text.USBD_GetConfig
                0x000000000800674c       0x6a ./Middlewares/ST/STM32_USB_Device_Library/Core/Src/usbd_ctlreq.o
 .text.USBD_GetStatus
                0x00000000080067b6       0x66 ./Middlewares/ST/STM32_USB_Device_Library/Core/Src/usbd_ctlreq.o
 .text.USBD_SetFeature
                0x000000000800681c       0x28 ./Middlewares/ST/STM32_USB_Device_Library/Core/Src/usbd_ctlreq.o
 .text.USBD_ClrFeature
                0x0000000008006844       0x42 ./Middlewares/ST/STM32_USB_Device_Library/Core/Src/usbd_ctlreq.o
 .text.USBD_ParseSetupRequest
                0x0000000008006886       0x78 ./Middlewares/ST/STM32_USB_Device_Library/Core/Src/usbd_ctlreq.o
                0x0000000008006886                USBD_ParseSetupRequest
 .text.USBD_CtlError
                0x00000000080068fe       0x22 ./Middlewares/ST/STM32_USB_Device_Library/Core/Src/usbd_ctlreq.o
                0x00000000080068fe                USBD_CtlError
 .text.USBD_GetString
                0x0000000008006920       0x84 ./Middlewares/ST/STM32_USB_Device_Library/Core/Src/usbd_ctlreq.o
                0x0000000008006920                USBD_GetString
 .text.USBD_GetLen
                0x00000000080069a4       0x2e ./Middlewares/ST/STM32_USB_Device_Library/Core/Src/usbd_ctlreq.o
 .text.USBD_CtlSendData
                0x00000000080069d2       0x38 ./Middlewares/ST/STM32_USB_Device_Library/Core/Src/usbd_ioreq.o
                0x00000000080069d2                USBD_CtlSendData
 .text.USBD_CtlContinueSendData
                0x0000000008006a0a       0x24 ./Middlewares/ST/STM32_USB_Device_Library/Core/Src/usbd_ioreq.o
                0x0000000008006a0a                USBD_CtlContinueSendData
 .text.USBD_CtlContinueRx
                0x0000000008006a2e       0x24 ./Middlewares/ST/STM32_USB_Device_Library/Core/Src/usbd_ioreq.o
                0x0000000008006a2e                USBD_CtlContinueRx
 .text.USBD_CtlSendStatus
                0x0000000008006a52       0x26 ./Middlewares/ST/STM32_USB_Device_Library/Core/Src/usbd_ioreq.o
                0x0000000008006a52                USBD_CtlSendStatus
 .text.USBD_CtlReceiveStatus
                0x0000000008006a78       0x26 ./Middlewares/ST/STM32_USB_Device_Library/Core/Src/usbd_ioreq.o
                0x0000000008006a78                USBD_CtlReceiveStatus
 *fill*         0x0000000008006a9e        0x2 
 .text.MX_USB_DEVICE_Init
                0x0000000008006aa0       0x4c ./USB_DEVICE/App/usb_device.o
                0x0000000008006aa0                MX_USB_DEVICE_Init
 .text.USBD_FS_DeviceDescriptor
                0x0000000008006aec       0x24 ./USB_DEVICE/App/usbd_desc.o
                0x0000000008006aec                USBD_FS_DeviceDescriptor
 .text.USBD_FS_LangIDStrDescriptor
                0x0000000008006b10       0x24 ./USB_DEVICE/App/usbd_desc.o
                0x0000000008006b10                USBD_FS_LangIDStrDescriptor
 .text.USBD_FS_ProductStrDescriptor
                0x0000000008006b34       0x3c ./USB_DEVICE/App/usbd_desc.o
                0x0000000008006b34                USBD_FS_ProductStrDescriptor
 .text.USBD_FS_ManufacturerStrDescriptor
                0x0000000008006b70       0x28 ./USB_DEVICE/App/usbd_desc.o
                0x0000000008006b70                USBD_FS_ManufacturerStrDescriptor
 .text.USBD_FS_SerialStrDescriptor
                0x0000000008006b98       0x24 ./USB_DEVICE/App/usbd_desc.o
                0x0000000008006b98                USBD_FS_SerialStrDescriptor
 .text.USBD_FS_ConfigStrDescriptor
                0x0000000008006bbc       0x3c ./USB_DEVICE/App/usbd_desc.o
                0x0000000008006bbc                USBD_FS_ConfigStrDescriptor
 .text.USBD_FS_InterfaceStrDescriptor
                0x0000000008006bf8       0x3c ./USB_DEVICE/App/usbd_desc.o
                0x0000000008006bf8                USBD_FS_InterfaceStrDescriptor
 .text.Get_SerialNum
                0x0000000008006c34       0x58 ./USB_DEVICE/App/usbd_desc.o
 .text.IntToUnicode
                0x0000000008006c8c       0x7c ./USB_DEVICE/App/usbd_desc.o
 .text.HAL_PCD_MspInit
                0x0000000008006d08       0x4c ./USB_DEVICE/Target/usbd_conf.o
                0x0000000008006d08                HAL_PCD_MspInit
 .text.HAL_PCD_SetupStageCallback
                0x0000000008006d54       0x24 ./USB_DEVICE/Target/usbd_conf.o
                0x0000000008006d54                HAL_PCD_SetupStageCallback
 .text.HAL_PCD_DataOutStageCallback
                0x0000000008006d78       0x36 ./USB_DEVICE/Target/usbd_conf.o
                0x0000000008006d78                HAL_PCD_DataOutStageCallback
 .text.HAL_PCD_DataInStageCallback
                0x0000000008006dae       0x34 ./USB_DEVICE/Target/usbd_conf.o
                0x0000000008006dae                HAL_PCD_DataInStageCallback
 .text.HAL_PCD_SOFCallback
                0x0000000008006de2       0x1c ./USB_DEVICE/Target/usbd_conf.o
                0x0000000008006de2                HAL_PCD_SOFCallback
 .text.HAL_PCD_ResetCallback
                0x0000000008006dfe       0x3c ./USB_DEVICE/Target/usbd_conf.o
                0x0000000008006dfe                HAL_PCD_ResetCallback
 *fill*         0x0000000008006e3a        0x2 
 .text.HAL_PCD_SuspendCallback
                0x0000000008006e3c       0x34 ./USB_DEVICE/Target/usbd_conf.o
                0x0000000008006e3c                HAL_PCD_SuspendCallback
 .text.HAL_PCD_ResumeCallback
                0x0000000008006e70       0x1c ./USB_DEVICE/Target/usbd_conf.o
                0x0000000008006e70                HAL_PCD_ResumeCallback
 .text.USBD_LL_Init
                0x0000000008006e8c       0x90 ./USB_DEVICE/Target/usbd_conf.o
                0x0000000008006e8c                USBD_LL_Init
 .text.USBD_LL_Start
                0x0000000008006f1c       0x36 ./USB_DEVICE/Target/usbd_conf.o
                0x0000000008006f1c                USBD_LL_Start
 .text.USBD_LL_OpenEP
                0x0000000008006f52       0x4c ./USB_DEVICE/Target/usbd_conf.o
                0x0000000008006f52                USBD_LL_OpenEP
 .text.USBD_LL_CloseEP
                0x0000000008006f9e       0x3e ./USB_DEVICE/Target/usbd_conf.o
                0x0000000008006f9e                USBD_LL_CloseEP
 .text.USBD_LL_StallEP
                0x0000000008006fdc       0x3e ./USB_DEVICE/Target/usbd_conf.o
                0x0000000008006fdc                USBD_LL_StallEP
 .text.USBD_LL_ClearStallEP
                0x000000000800701a       0x3e ./USB_DEVICE/Target/usbd_conf.o
                0x000000000800701a                USBD_LL_ClearStallEP
 .text.USBD_LL_IsStallEP
                0x0000000008007058       0x58 ./USB_DEVICE/Target/usbd_conf.o
                0x0000000008007058                USBD_LL_IsStallEP
 .text.USBD_LL_SetUSBAddress
                0x00000000080070b0       0x3e ./USB_DEVICE/Target/usbd_conf.o
                0x00000000080070b0                USBD_LL_SetUSBAddress
 .text.USBD_LL_Transmit
                0x00000000080070ee       0x46 ./USB_DEVICE/Target/usbd_conf.o
                0x00000000080070ee                USBD_LL_Transmit
 .text.USBD_LL_PrepareReceive
                0x0000000008007134       0x46 ./USB_DEVICE/Target/usbd_conf.o
                0x0000000008007134                USBD_LL_PrepareReceive
 *fill*         0x000000000800717a        0x2 
 .text.USBD_static_malloc
                0x000000000800717c       0x18 ./USB_DEVICE/Target/usbd_conf.o
                0x000000000800717c                USBD_static_malloc
 .text.USBD_static_free
                0x0000000008007194       0x12 ./USB_DEVICE/Target/usbd_conf.o
                0x0000000008007194                USBD_static_free
 .text.HAL_PCDEx_SetConnectionState
                0x00000000080071a6       0x16 ./USB_DEVICE/Target/usbd_conf.o
                0x00000000080071a6                HAL_PCDEx_SetConnectionState
 .text.USBD_Get_USB_Status
                0x00000000080071bc       0x58 ./USB_DEVICE/Target/usbd_conf.o
 .text.__libc_init_array
                0x0000000008007214       0x48 /app/stm32cubeide/plugins/com.st.stm32cube.ide.mcu.externaltools.gnu-tools-for-stm32.10.3-2021.10.linux64_1.0.200.202301161003/tools/bin/../lib/gcc/arm-none-eabi/10.3.1/../../../../arm-none-eabi/lib/thumb/v7-m/nofp/libc_nano.a(lib_a-init.o)
                0x0000000008007214                __libc_init_array
 .text.memset   0x000000000800725c       0x10 /app/stm32cubeide/plugins/com.st.stm32cube.ide.mcu.externaltools.gnu-tools-for-stm32.10.3-2021.10.linux64_1.0.200.202301161003/tools/bin/../lib/gcc/arm-none-eabi/10.3.1/../../../../arm-none-eabi/lib/thumb/v7-m/nofp/libc_nano.a(lib_a-memset.o)
                0x000000000800725c                memset
 *(.glue_7)
 .glue_7        0x000000000800726c        0x0 linker stubs
 *(.glue_7t)
 .glue_7t       0x000000000800726c        0x0 linker stubs
 *(.eh_frame)
 .eh_frame      0x000000000800726c        0x0 /app/stm32cubeide/plugins/com.st.stm32cube.ide.mcu.externaltools.gnu-tools-for-stm32.10.3-2021.10.linux64_1.0.200.202301161003/tools/bin/../lib/gcc/arm-none-eabi/10.3.1/thumb/v7-m/nofp/crtbegin.o
 *(.init)
 .init          0x000000000800726c        0x4 /app/stm32cubeide/plugins/com.st.stm32cube.ide.mcu.externaltools.gnu-tools-for-stm32.10.3-2021.10.linux64_1.0.200.202301161003/tools/bin/../lib/gcc/arm-none-eabi/10.3.1/thumb/v7-m/nofp/crti.o
                0x000000000800726c                _init
 .init          0x0000000008007270        0x8 /app/stm32cubeide/plugins/com.st.stm32cube.ide.mcu.externaltools.gnu-tools-for-stm32.10.3-2021.10.linux64_1.0.200.202301161003/tools/bin/../lib/gcc/arm-none-eabi/10.3.1/thumb/v7-m/nofp/crtn.o
 *(.fini)
 .fini          0x0000000008007278        0x4 /app/stm32cubeide/plugins/com.st.stm32cube.ide.mcu.externaltools.gnu-tools-for-stm32.10.3-2021.10.linux64_1.0.200.202301161003/tools/bin/../lib/gcc/arm-none-eabi/10.3.1/thumb/v7-m/nofp/crti.o
                0x0000000008007278                _fini
 .fini          0x000000000800727c        0x8 /app/stm32cubeide/plugins/com.st.stm32cube.ide.mcu.externaltools.gnu-tools-for-stm32.10.3-2021.10.linux64_1.0.200.202301161003/tools/bin/../lib/gcc/arm-none-eabi/10.3.1/thumb/v7-m/nofp/crtn.o
                0x0000000008007284                . = ALIGN (0x4)
                0x0000000008007284                _etext = .

.vfp11_veneer   0x0000000008007284        0x0
 .vfp11_veneer  0x0000000008007284        0x0 linker stubs

.v4_bx          0x0000000008007284        0x0
 .v4_bx         0x0000000008007284        0x0 linker stubs

.iplt           0x0000000008007284        0x0
 .iplt          0x0000000008007284        0x0 /app/stm32cubeide/plugins/com.st.stm32cube.ide.mcu.externaltools.gnu-tools-for-stm32.10.3-2021.10.linux64_1.0.200.202301161003/tools/bin/../lib/gcc/arm-none-eabi/10.3.1/thumb/v7-m/nofp/crtbegin.o

.rodata         0x0000000008007284       0x6c
                0x0000000008007284                . = ALIGN (0x4)
 *(.rodata)
 .rodata        0x0000000008007284       0x46 ./USB_DEVICE/App/usbd_desc.o
 *(.rodata*)
 *fill*         0x00000000080072ca        0x2 
 .rodata.AHBPrescTable
                0x00000000080072cc       0x10 ./Core/Src/system_stm32f1xx.o
                0x00000000080072cc                AHBPrescTable
 .rodata.aPLLMULFactorTable.1
                0x00000000080072dc       0x10 ./Drivers/STM32F1xx_HAL_Driver/Src/stm32f1xx_hal_rcc.o
 .rodata.aPredivFactorTable.0
                0x00000000080072ec        0x2 ./Drivers/STM32F1xx_HAL_Driver/Src/stm32f1xx_hal_rcc.o
                0x00000000080072f0                . = ALIGN (0x4)
 *fill*         0x00000000080072ee        0x2 

.rel.dyn        0x00000000080072f0        0x0
 .rel.iplt      0x00000000080072f0        0x0 /app/stm32cubeide/plugins/com.st.stm32cube.ide.mcu.externaltools.gnu-tools-for-stm32.10.3-2021.10.linux64_1.0.200.202301161003/tools/bin/../lib/gcc/arm-none-eabi/10.3.1/thumb/v7-m/nofp/crtbegin.o

.ARM.extab      0x00000000080072f0        0x0
                0x00000000080072f0                . = ALIGN (0x4)
 *(.ARM.extab* .gnu.linkonce.armextab.*)
                0x00000000080072f0                . = ALIGN (0x4)

.ARM            0x00000000080072f0        0x0
                0x00000000080072f0                . = ALIGN (0x4)
                0x00000000080072f0                __exidx_start = .
 *(.ARM.exidx*)
                0x00000000080072f0                __exidx_end = .
                0x00000000080072f0                . = ALIGN (0x4)

.preinit_array  0x00000000080072f0        0x0
                0x00000000080072f0                . = ALIGN (0x4)
                0x00000000080072f0                PROVIDE (__preinit_array_start = .)
 *(.preinit_array*)
                0x00000000080072f0                PROVIDE (__preinit_array_end = .)
                0x00000000080072f0                . = ALIGN (0x4)

.init_array     0x00000000080072f0        0x4
                0x00000000080072f0                . = ALIGN (0x4)
                0x00000000080072f0                PROVIDE (__init_array_start = .)
 *(SORT_BY_NAME(.init_array.*))
 *(.init_array*)
 .init_array    0x00000000080072f0        0x4 /app/stm32cubeide/plugins/com.st.stm32cube.ide.mcu.externaltools.gnu-tools-for-stm32.10.3-2021.10.linux64_1.0.200.202301161003/tools/bin/../lib/gcc/arm-none-eabi/10.3.1/thumb/v7-m/nofp/crtbegin.o
                0x00000000080072f4                PROVIDE (__init_array_end = .)
                0x00000000080072f4                . = ALIGN (0x4)

.fini_array     0x00000000080072f4        0x4
                0x00000000080072f4                . = ALIGN (0x4)
                [!provide]                        PROVIDE (__fini_array_start = .)
 *(SORT_BY_NAME(.fini_array.*))
 *(.fini_array*)
 .fini_array    0x00000000080072f4        0x4 /app/stm32cubeide/plugins/com.st.stm32cube.ide.mcu.externaltools.gnu-tools-for-stm32.10.3-2021.10.linux64_1.0.200.202301161003/tools/bin/../lib/gcc/arm-none-eabi/10.3.1/thumb/v7-m/nofp/crtbegin.o
                [!provide]                        PROVIDE (__fini_array_end = .)
                0x00000000080072f8                . = ALIGN (0x4)
                0x00000000080072f8                _sidata = LOADADDR (.data)

.data           0x0000000020000000      0x204 load address 0x00000000080072f8
                0x0000000020000000                . = ALIGN (0x4)
                0x0000000020000000                _sdata = .
 *(.data)
 *(.data*)
 .data.rowsToIterate
                0x0000000020000000       0x28 ./Core/Src/key_functions.o
                0x0000000020000000                rowsToIterate
 .data.colsToIterate
                0x0000000020000028       0x78 ./Core/Src/key_functions.o
                0x0000000020000028                colsToIterate
 .data.SystemCoreClock
                0x00000000200000a0        0x4 ./Core/Src/system_stm32f1xx.o
                0x00000000200000a0                SystemCoreClock
 .data.uwTickPrio
                0x00000000200000a4        0x4 ./Drivers/STM32F1xx_HAL_Driver/Src/stm32f1xx_hal.o
                0x00000000200000a4                uwTickPrio
 .data.uwTickFreq
                0x00000000200000a8        0x1 ./Drivers/STM32F1xx_HAL_Driver/Src/stm32f1xx_hal.o
                0x00000000200000a8                uwTickFreq
 *fill*         0x00000000200000a9        0x3 
 .data.USBD_HID
                0x00000000200000ac       0x38 ./Middlewares/ST/STM32_USB_Device_Library/Class/HID/Src/usbd_hid.o
                0x00000000200000ac                USBD_HID
 .data.USBD_HID_CfgFSDesc
                0x00000000200000e4       0x22 ./Middlewares/ST/STM32_USB_Device_Library/Class/HID/Src/usbd_hid.o
 *fill*         0x0000000020000106        0x2 
 .data.USBD_HID_CfgHSDesc
                0x0000000020000108       0x22 ./Middlewares/ST/STM32_USB_Device_Library/Class/HID/Src/usbd_hid.o
 *fill*         0x000000002000012a        0x2 
 .data.USBD_HID_OtherSpeedCfgDesc
                0x000000002000012c       0x22 ./Middlewares/ST/STM32_USB_Device_Library/Class/HID/Src/usbd_hid.o
 *fill*         0x000000002000014e        0x2 
 .data.USBD_HID_Desc
                0x0000000020000150        0x9 ./Middlewares/ST/STM32_USB_Device_Library/Class/HID/Src/usbd_hid.o
 *fill*         0x0000000020000159        0x3 
 .data.USBD_HID_DeviceQualifierDesc
                0x000000002000015c        0xa ./Middlewares/ST/STM32_USB_Device_Library/Class/HID/Src/usbd_hid.o
 *fill*         0x0000000020000166        0x2 
 .data.HID_MOUSE_ReportDesc
                0x0000000020000168       0x4a ./Middlewares/ST/STM32_USB_Device_Library/Class/HID/Src/usbd_hid.o
 *fill*         0x00000000200001b2        0x2 
 .data.FS_Desc  0x00000000200001b4       0x1c ./USB_DEVICE/App/usbd_desc.o
                0x00000000200001b4                FS_Desc
 .data.USBD_FS_DeviceDesc
                0x00000000200001d0       0x12 ./USB_DEVICE/App/usbd_desc.o
                0x00000000200001d0                USBD_FS_DeviceDesc
 *fill*         0x00000000200001e2        0x2 
 .data.USBD_LangIDDesc
                0x00000000200001e4        0x4 ./USB_DEVICE/App/usbd_desc.o
                0x00000000200001e4                USBD_LangIDDesc
 .data.USBD_StringSerial
                0x00000000200001e8       0x1a ./USB_DEVICE/App/usbd_desc.o
                0x00000000200001e8                USBD_StringSerial
 *(.RamFunc)
 *(.RamFunc*)
                0x0000000020000204                . = ALIGN (0x4)
 *fill*         0x0000000020000202        0x2 
                0x0000000020000204                _edata = .

.igot.plt       0x0000000020000204        0x0 load address 0x00000000080074fc
 .igot.plt      0x0000000020000204        0x0 /app/stm32cubeide/plugins/com.st.stm32cube.ide.mcu.externaltools.gnu-tools-for-stm32.10.3-2021.10.linux64_1.0.200.202301161003/tools/bin/../lib/gcc/arm-none-eabi/10.3.1/thumb/v7-m/nofp/crtbegin.o
                0x0000000020000204                . = ALIGN (0x4)

.bss            0x0000000020000204      0x838 load address 0x00000000080074fc
                0x0000000020000204                _sbss = .
                0x0000000020000204                __bss_start__ = _sbss
 *(.bss)
 .bss           0x0000000020000204       0x1c /app/stm32cubeide/plugins/com.st.stm32cube.ide.mcu.externaltools.gnu-tools-for-stm32.10.3-2021.10.linux64_1.0.200.202301161003/tools/bin/../lib/gcc/arm-none-eabi/10.3.1/thumb/v7-m/nofp/crtbegin.o
 *(.bss*)
 .bss.matrix_current
                0x0000000020000220       0x4b ./Core/Src/key_functions.o
                0x0000000020000220                matrix_current
 *fill*         0x000000002000026b        0x1 
 .bss.uwTick    0x000000002000026c        0x4 ./Drivers/STM32F1xx_HAL_Driver/Src/stm32f1xx_hal.o
                0x000000002000026c                uwTick
 .bss.cfgidx.0  0x0000000020000270        0x1 ./Middlewares/ST/STM32_USB_Device_Library/Core/Src/usbd_ctlreq.o
 *fill*         0x0000000020000271        0x3 
 .bss.hUsbDeviceFS
                0x0000000020000274      0x2c4 ./USB_DEVICE/App/usb_device.o
                0x0000000020000274                hUsbDeviceFS
 .bss.USBD_StrDesc
                0x0000000020000538      0x200 ./USB_DEVICE/App/usbd_desc.o
                0x0000000020000538                USBD_StrDesc
 .bss.hpcd_USB_FS
                0x0000000020000738      0x2f0 ./USB_DEVICE/Target/usbd_conf.o
                0x0000000020000738                hpcd_USB_FS
 .bss.mem.0     0x0000000020000a28       0x14 ./USB_DEVICE/Target/usbd_conf.o
 *(COMMON)
                0x0000000020000a3c                . = ALIGN (0x4)
                0x0000000020000a3c                _ebss = .
                0x0000000020000a3c                __bss_end__ = _ebss

._user_heap_stack
                0x0000000020000a3c      0x604 load address 0x00000000080074fc
                0x0000000020000a40                . = ALIGN (0x8)
 *fill*         0x0000000020000a3c        0x4 
                [!provide]                        PROVIDE (end = .)
                0x0000000020000a40                PROVIDE (_end = .)
                0x0000000020000c40                . = (. + _Min_Heap_Size)
 *fill*         0x0000000020000a40      0x200 
                0x0000000020001040                . = (. + _Min_Stack_Size)
 *fill*         0x0000000020000c40      0x400 
                0x0000000020001040                . = ALIGN (0x8)

/DISCARD/
 libc.a(*)
 libm.a(*)
 libgcc.a(*)

.ARM.attributes
                0x0000000000000000       0x29
 *(.ARM.attributes)
 .ARM.attributes
                0x0000000000000000       0x1d /app/stm32cubeide/plugins/com.st.stm32cube.ide.mcu.externaltools.gnu-tools-for-stm32.10.3-2021.10.linux64_1.0.200.202301161003/tools/bin/../lib/gcc/arm-none-eabi/10.3.1/thumb/v7-m/nofp/crti.o
 .ARM.attributes
                0x000000000000001d       0x2d /app/stm32cubeide/plugins/com.st.stm32cube.ide.mcu.externaltools.gnu-tools-for-stm32.10.3-2021.10.linux64_1.0.200.202301161003/tools/bin/../lib/gcc/arm-none-eabi/10.3.1/thumb/v7-m/nofp/crtbegin.o
 .ARM.attributes
                0x000000000000004a       0x2d ./Core/Src/key_functions.o
 .ARM.attributes
                0x0000000000000077       0x2d ./Core/Src/main.o
 .ARM.attributes
                0x00000000000000a4       0x2d ./Core/Src/stm32f1xx_hal_msp.o
 .ARM.attributes
                0x00000000000000d1       0x2d ./Core/Src/stm32f1xx_it.o
 .ARM.attributes
                0x00000000000000fe       0x2d ./Core/Src/system_stm32f1xx.o
 .ARM.attributes
                0x000000000000012b       0x21 ./Core/Startup/startup_stm32f103c8tx.o
 .ARM.attributes
                0x000000000000014c       0x2d ./Drivers/STM32F1xx_HAL_Driver/Src/stm32f1xx_hal.o
 .ARM.attributes
                0x0000000000000179       0x2d ./Drivers/STM32F1xx_HAL_Driver/Src/stm32f1xx_hal_cortex.o
 .ARM.attributes
                0x00000000000001a6       0x2d ./Drivers/STM32F1xx_HAL_Driver/Src/stm32f1xx_hal_gpio.o
 .ARM.attributes
                0x00000000000001d3       0x2d ./Drivers/STM32F1xx_HAL_Driver/Src/stm32f1xx_hal_pcd.o
 .ARM.attributes
                0x0000000000000200       0x2d ./Drivers/STM32F1xx_HAL_Driver/Src/stm32f1xx_hal_pcd_ex.o
 .ARM.attributes
                0x000000000000022d       0x2d ./Drivers/STM32F1xx_HAL_Driver/Src/stm32f1xx_hal_rcc.o
 .ARM.attributes
                0x000000000000025a       0x2d ./Drivers/STM32F1xx_HAL_Driver/Src/stm32f1xx_hal_rcc_ex.o
 .ARM.attributes
                0x0000000000000287       0x2d ./Drivers/STM32F1xx_HAL_Driver/Src/stm32f1xx_ll_usb.o
 .ARM.attributes
                0x00000000000002b4       0x2d ./Middlewares/ST/STM32_USB_Device_Library/Class/HID/Src/usbd_hid.o
 .ARM.attributes
                0x00000000000002e1       0x2d ./Middlewares/ST/STM32_USB_Device_Library/Core/Src/usbd_core.o
 .ARM.attributes
                0x000000000000030e       0x2d ./Middlewares/ST/STM32_USB_Device_Library/Core/Src/usbd_ctlreq.o
 .ARM.attributes
                0x000000000000033b       0x2d ./Middlewares/ST/STM32_USB_Device_Library/Core/Src/usbd_ioreq.o
 .ARM.attributes
                0x0000000000000368       0x2d ./USB_DEVICE/App/usb_device.o
 .ARM.attributes
                0x0000000000000395       0x2d ./USB_DEVICE/App/usbd_desc.o
 .ARM.attributes
                0x00000000000003c2       0x2d ./USB_DEVICE/Target/usbd_conf.o
 .ARM.attributes
                0x00000000000003ef       0x2d /app/stm32cubeide/plugins/com.st.stm32cube.ide.mcu.externaltools.gnu-tools-for-stm32.10.3-2021.10.linux64_1.0.200.202301161003/tools/bin/../lib/gcc/arm-none-eabi/10.3.1/../../../../arm-none-eabi/lib/thumb/v7-m/nofp/libc_nano.a(lib_a-init.o)
 .ARM.attributes
                0x000000000000041c       0x2d /app/stm32cubeide/plugins/com.st.stm32cube.ide.mcu.externaltools.gnu-tools-for-stm32.10.3-2021.10.linux64_1.0.200.202301161003/tools/bin/../lib/gcc/arm-none-eabi/10.3.1/../../../../arm-none-eabi/lib/thumb/v7-m/nofp/libc_nano.a(lib_a-memset.o)
 .ARM.attributes
                0x0000000000000449       0x1d /app/stm32cubeide/plugins/com.st.stm32cube.ide.mcu.externaltools.gnu-tools-for-stm32.10.3-2021.10.linux64_1.0.200.202301161003/tools/bin/../lib/gcc/arm-none-eabi/10.3.1/thumb/v7-m/nofp/crtn.o
OUTPUT(smx_0_keyboard.elf elf32-littlearm)
LOAD linker stubs
LOAD /app/stm32cubeide/plugins/com.st.stm32cube.ide.mcu.externaltools.gnu-tools-for-stm32.10.3-2021.10.linux64_1.0.200.202301161003/tools/bin/../lib/gcc/arm-none-eabi/10.3.1/../../../../arm-none-eabi/lib/thumb/v7-m/nofp/libc.a
LOAD /app/stm32cubeide/plugins/com.st.stm32cube.ide.mcu.externaltools.gnu-tools-for-stm32.10.3-2021.10.linux64_1.0.200.202301161003/tools/bin/../lib/gcc/arm-none-eabi/10.3.1/../../../../arm-none-eabi/lib/thumb/v7-m/nofp/libm.a
LOAD /app/stm32cubeide/plugins/com.st.stm32cube.ide.mcu.externaltools.gnu-tools-for-stm32.10.3-2021.10.linux64_1.0.200.202301161003/tools/bin/../lib/gcc/arm-none-eabi/10.3.1/thumb/v7-m/nofp/libgcc.a

.debug_info     0x0000000000000000     0xb94e
 .debug_info    0x0000000000000000      0x28b ./Core/Src/key_functions.o
 .debug_info    0x000000000000028b      0x689 ./Core/Src/main.o
 .debug_info    0x0000000000000914      0x210 ./Core/Src/stm32f1xx_hal_msp.o
 .debug_info    0x0000000000000b24      0x653 ./Core/Src/stm32f1xx_it.o
 .debug_info    0x0000000000001177      0x23d ./Core/Src/system_stm32f1xx.o
 .debug_info    0x00000000000013b4       0x22 ./Core/Startup/startup_stm32f103c8tx.o
 .debug_info    0x00000000000013d6      0x734 ./Drivers/STM32F1xx_HAL_Driver/Src/stm32f1xx_hal.o
 .debug_info    0x0000000000001b0a      0xb20 ./Drivers/STM32F1xx_HAL_Driver/Src/stm32f1xx_hal_cortex.o
 .debug_info    0x000000000000262a      0x615 ./Drivers/STM32F1xx_HAL_Driver/Src/stm32f1xx_hal_gpio.o
 .debug_info    0x0000000000002c3f     0x182e ./Drivers/STM32F1xx_HAL_Driver/Src/stm32f1xx_hal_pcd.o
 .debug_info    0x000000000000446d      0x71a ./Drivers/STM32F1xx_HAL_Driver/Src/stm32f1xx_hal_pcd_ex.o
 .debug_info    0x0000000000004b87      0x865 ./Drivers/STM32F1xx_HAL_Driver/Src/stm32f1xx_hal_rcc.o
 .debug_info    0x00000000000053ec      0x3e6 ./Drivers/STM32F1xx_HAL_Driver/Src/stm32f1xx_hal_rcc_ex.o
 .debug_info    0x00000000000057d2     0x18d8 ./Drivers/STM32F1xx_HAL_Driver/Src/stm32f1xx_ll_usb.o
 .debug_info    0x00000000000070aa      0x995 ./Middlewares/ST/STM32_USB_Device_Library/Class/HID/Src/usbd_hid.o
 .debug_info    0x0000000000007a3f      0xb02 ./Middlewares/ST/STM32_USB_Device_Library/Core/Src/usbd_core.o
 .debug_info    0x0000000000008541      0x9b6 ./Middlewares/ST/STM32_USB_Device_Library/Core/Src/usbd_ctlreq.o
 .debug_info    0x0000000000008ef7      0x715 ./Middlewares/ST/STM32_USB_Device_Library/Core/Src/usbd_ioreq.o
 .debug_info    0x000000000000960c      0x59c ./USB_DEVICE/App/usb_device.o
 .debug_info    0x0000000000009ba8      0x484 ./USB_DEVICE/App/usbd_desc.o
 .debug_info    0x000000000000a02c     0x1922 ./USB_DEVICE/Target/usbd_conf.o

.debug_abbrev   0x0000000000000000     0x26c2
 .debug_abbrev  0x0000000000000000      0x15c ./Core/Src/key_functions.o
 .debug_abbrev  0x000000000000015c      0x1fc ./Core/Src/main.o
 .debug_abbrev  0x0000000000000358       0xd4 ./Core/Src/stm32f1xx_hal_msp.o
 .debug_abbrev  0x000000000000042c      0x188 ./Core/Src/stm32f1xx_it.o
 .debug_abbrev  0x00000000000005b4      0x13b ./Core/Src/system_stm32f1xx.o
 .debug_abbrev  0x00000000000006ef       0x12 ./Core/Startup/startup_stm32f103c8tx.o
 .debug_abbrev  0x0000000000000701      0x1fb ./Drivers/STM32F1xx_HAL_Driver/Src/stm32f1xx_hal.o
 .debug_abbrev  0x00000000000008fc      0x2ed ./Drivers/STM32F1xx_HAL_Driver/Src/stm32f1xx_hal_cortex.o
 .debug_abbrev  0x0000000000000be9      0x1bb ./Drivers/STM32F1xx_HAL_Driver/Src/stm32f1xx_hal_gpio.o
 .debug_abbrev  0x0000000000000da4      0x2c0 ./Drivers/STM32F1xx_HAL_Driver/Src/stm32f1xx_hal_pcd.o
 .debug_abbrev  0x0000000000001064      0x17f ./Drivers/STM32F1xx_HAL_Driver/Src/stm32f1xx_hal_pcd_ex.o
 .debug_abbrev  0x00000000000011e3      0x2a8 ./Drivers/STM32F1xx_HAL_Driver/Src/stm32f1xx_hal_rcc.o
 .debug_abbrev  0x000000000000148b      0x182 ./Drivers/STM32F1xx_HAL_Driver/Src/stm32f1xx_hal_rcc_ex.o
 .debug_abbrev  0x000000000000160d      0x1d4 ./Drivers/STM32F1xx_HAL_Driver/Src/stm32f1xx_ll_usb.o
 .debug_abbrev  0x00000000000017e1      0x258 ./Middlewares/ST/STM32_USB_Device_Library/Class/HID/Src/usbd_hid.o
 .debug_abbrev  0x0000000000001a39      0x236 ./Middlewares/ST/STM32_USB_Device_Library/Core/Src/usbd_core.o
 .debug_abbrev  0x0000000000001c6f      0x257 ./Middlewares/ST/STM32_USB_Device_Library/Core/Src/usbd_ctlreq.o
 .debug_abbrev  0x0000000000001ec6      0x183 ./Middlewares/ST/STM32_USB_Device_Library/Core/Src/usbd_ioreq.o
 .debug_abbrev  0x0000000000002049      0x17a ./USB_DEVICE/App/usb_device.o
 .debug_abbrev  0x00000000000021c3      0x1fa ./USB_DEVICE/App/usbd_desc.o
 .debug_abbrev  0x00000000000023bd      0x305 ./USB_DEVICE/Target/usbd_conf.o

.debug_aranges  0x0000000000000000      0xa28
 .debug_aranges
                0x0000000000000000       0x20 ./Core/Src/key_functions.o
 .debug_aranges
                0x0000000000000020       0x38 ./Core/Src/main.o
 .debug_aranges
                0x0000000000000058       0x20 ./Core/Src/stm32f1xx_hal_msp.o
 .debug_aranges
                0x0000000000000078       0x68 ./Core/Src/stm32f1xx_it.o
 .debug_aranges
                0x00000000000000e0       0x28 ./Core/Src/system_stm32f1xx.o
 .debug_aranges
                0x0000000000000108       0x28 ./Core/Startup/startup_stm32f103c8tx.o
 .debug_aranges
                0x0000000000000130       0xe0 ./Drivers/STM32F1xx_HAL_Driver/Src/stm32f1xx_hal.o
 .debug_aranges
                0x0000000000000210      0x100 ./Drivers/STM32F1xx_HAL_Driver/Src/stm32f1xx_hal_cortex.o
 .debug_aranges
                0x0000000000000310       0x58 ./Drivers/STM32F1xx_HAL_Driver/Src/stm32f1xx_hal_gpio.o
 .debug_aranges
                0x0000000000000368      0x140 ./Drivers/STM32F1xx_HAL_Driver/Src/stm32f1xx_hal_pcd.o
 .debug_aranges
                0x00000000000004a8       0x38 ./Drivers/STM32F1xx_HAL_Driver/Src/stm32f1xx_hal_pcd_ex.o
 .debug_aranges
                0x00000000000004e0       0x90 ./Drivers/STM32F1xx_HAL_Driver/Src/stm32f1xx_hal_rcc.o
 .debug_aranges
                0x0000000000000570       0x30 ./Drivers/STM32F1xx_HAL_Driver/Src/stm32f1xx_hal_rcc_ex.o
 .debug_aranges
                0x00000000000005a0       0xf8 ./Drivers/STM32F1xx_HAL_Driver/Src/stm32f1xx_ll_usb.o
 .debug_aranges
                0x0000000000000698       0x68 ./Middlewares/ST/STM32_USB_Device_Library/Class/HID/Src/usbd_hid.o
 .debug_aranges
                0x0000000000000700       0xb8 ./Middlewares/ST/STM32_USB_Device_Library/Core/Src/usbd_core.o
 .debug_aranges
                0x00000000000007b8       0x88 ./Middlewares/ST/STM32_USB_Device_Library/Core/Src/usbd_ctlreq.o
 .debug_aranges
                0x0000000000000840       0x50 ./Middlewares/ST/STM32_USB_Device_Library/Core/Src/usbd_ioreq.o
 .debug_aranges
                0x0000000000000890       0x20 ./USB_DEVICE/App/usb_device.o
 .debug_aranges
                0x00000000000008b0       0x60 ./USB_DEVICE/App/usbd_desc.o
 .debug_aranges
                0x0000000000000910      0x118 ./USB_DEVICE/Target/usbd_conf.o

.debug_ranges   0x0000000000000000      0x8e0
 .debug_ranges  0x0000000000000000       0x10 ./Core/Src/key_functions.o
 .debug_ranges  0x0000000000000010       0x28 ./Core/Src/main.o
 .debug_ranges  0x0000000000000038       0x10 ./Core/Src/stm32f1xx_hal_msp.o
 .debug_ranges  0x0000000000000048       0x58 ./Core/Src/stm32f1xx_it.o
 .debug_ranges  0x00000000000000a0       0x18 ./Core/Src/system_stm32f1xx.o
 .debug_ranges  0x00000000000000b8       0x20 ./Core/Startup/startup_stm32f103c8tx.o
 .debug_ranges  0x00000000000000d8       0xd0 ./Drivers/STM32F1xx_HAL_Driver/Src/stm32f1xx_hal.o
 .debug_ranges  0x00000000000001a8       0xf0 ./Drivers/STM32F1xx_HAL_Driver/Src/stm32f1xx_hal_cortex.o
 .debug_ranges  0x0000000000000298       0x48 ./Drivers/STM32F1xx_HAL_Driver/Src/stm32f1xx_hal_gpio.o
 .debug_ranges  0x00000000000002e0      0x130 ./Drivers/STM32F1xx_HAL_Driver/Src/stm32f1xx_hal_pcd.o
 .debug_ranges  0x0000000000000410       0x28 ./Drivers/STM32F1xx_HAL_Driver/Src/stm32f1xx_hal_pcd_ex.o
 .debug_ranges  0x0000000000000438       0x80 ./Drivers/STM32F1xx_HAL_Driver/Src/stm32f1xx_hal_rcc.o
 .debug_ranges  0x00000000000004b8       0x20 ./Drivers/STM32F1xx_HAL_Driver/Src/stm32f1xx_hal_rcc_ex.o
 .debug_ranges  0x00000000000004d8       0xe8 ./Drivers/STM32F1xx_HAL_Driver/Src/stm32f1xx_ll_usb.o
 .debug_ranges  0x00000000000005c0       0x58 ./Middlewares/ST/STM32_USB_Device_Library/Class/HID/Src/usbd_hid.o
 .debug_ranges  0x0000000000000618       0xa8 ./Middlewares/ST/STM32_USB_Device_Library/Core/Src/usbd_core.o
 .debug_ranges  0x00000000000006c0       0x78 ./Middlewares/ST/STM32_USB_Device_Library/Core/Src/usbd_ctlreq.o
 .debug_ranges  0x0000000000000738       0x40 ./Middlewares/ST/STM32_USB_Device_Library/Core/Src/usbd_ioreq.o
 .debug_ranges  0x0000000000000778       0x10 ./USB_DEVICE/App/usb_device.o
 .debug_ranges  0x0000000000000788       0x50 ./USB_DEVICE/App/usbd_desc.o
 .debug_ranges  0x00000000000007d8      0x108 ./USB_DEVICE/Target/usbd_conf.o

.debug_macro    0x0000000000000000    0x1936a
 .debug_macro   0x0000000000000000      0x1be ./Core/Src/key_functions.o
 .debug_macro   0x00000000000001be      0xa6c ./Core/Src/key_functions.o
 .debug_macro   0x0000000000000c2a      0x215 ./Core/Src/key_functions.o
 .debug_macro   0x0000000000000e3f       0x2e ./Core/Src/key_functions.o
 .debug_macro   0x0000000000000e6d       0x22 ./Core/Src/key_functions.o
 .debug_macro   0x0000000000000e8f       0x22 ./Core/Src/key_functions.o
 .debug_macro   0x0000000000000eb1       0x8e ./Core/Src/key_functions.o
 .debug_macro   0x0000000000000f3f       0x51 ./Core/Src/key_functions.o
 .debug_macro   0x0000000000000f90      0x103 ./Core/Src/key_functions.o
 .debug_macro   0x0000000000001093       0x6a ./Core/Src/key_functions.o
 .debug_macro   0x00000000000010fd      0x1df ./Core/Src/key_functions.o
 .debug_macro   0x00000000000012dc       0x1c ./Core/Src/key_functions.o
 .debug_macro   0x00000000000012f8       0x22 ./Core/Src/key_functions.o
 .debug_macro   0x000000000000131a       0xbd ./Core/Src/key_functions.o
 .debug_macro   0x00000000000013d7      0xd23 ./Core/Src/key_functions.o
 .debug_macro   0x00000000000020fa     0xe09e ./Core/Src/key_functions.o
 .debug_macro   0x0000000000010198       0x6d ./Core/Src/key_functions.o
 .debug_macro   0x0000000000010205     0x348d ./Core/Src/key_functions.o
 .debug_macro   0x0000000000013692      0x174 ./Core/Src/key_functions.o
 .debug_macro   0x0000000000013806       0x5c ./Core/Src/key_functions.o
 .debug_macro   0x0000000000013862      0x5bc ./Core/Src/key_functions.o
 .debug_macro   0x0000000000013e1e      0x289 ./Core/Src/key_functions.o
 .debug_macro   0x00000000000140a7      0x1cb ./Core/Src/key_functions.o
 .debug_macro   0x0000000000014272      0x114 ./Core/Src/key_functions.o
 .debug_macro   0x0000000000014386      0x1b2 ./Core/Src/key_functions.o
 .debug_macro   0x0000000000014538       0x27 ./Core/Src/key_functions.o
 .debug_macro   0x000000000001455f      0x136 ./Core/Src/key_functions.o
 .debug_macro   0x0000000000014695      0x1bc ./Core/Src/key_functions.o
 .debug_macro   0x0000000000014851       0x34 ./Core/Src/key_functions.o
 .debug_macro   0x0000000000014885       0x3c ./Core/Src/key_functions.o
 .debug_macro   0x00000000000148c1       0x57 ./Core/Src/key_functions.o
 .debug_macro   0x0000000000014918       0x87 ./Core/Src/key_functions.o
 .debug_macro   0x000000000001499f      0x240 ./Core/Src/key_functions.o
 .debug_macro   0x0000000000014bdf      0x140 ./Core/Src/key_functions.o
 .debug_macro   0x0000000000014d1f       0xab ./Core/Src/key_functions.o
 .debug_macro   0x0000000000014dca      0x242 ./Core/Src/key_functions.o
 .debug_macro   0x000000000001500c       0x83 ./Core/Src/key_functions.o
 .debug_macro   0x000000000001508f      0x39d ./Core/Src/main.o
 .debug_macro   0x000000000001542c       0x52 ./Core/Src/main.o
 .debug_macro   0x000000000001547e       0x18 ./Core/Src/main.o
 .debug_macro   0x0000000000015496       0x3c ./Core/Src/main.o
 .debug_macro   0x00000000000154d2       0x34 ./Core/Src/main.o
 .debug_macro   0x0000000000015506       0x16 ./Core/Src/main.o
 .debug_macro   0x000000000001551c       0x35 ./Core/Src/main.o
 .debug_macro   0x0000000000015551      0x341 ./Core/Src/main.o
 .debug_macro   0x0000000000015892       0x10 ./Core/Src/main.o
 .debug_macro   0x00000000000158a2       0x16 ./Core/Src/main.o
 .debug_macro   0x00000000000158b8       0x43 ./Core/Src/main.o
 .debug_macro   0x00000000000158fb       0x34 ./Core/Src/main.o
 .debug_macro   0x000000000001592f       0x10 ./Core/Src/main.o
 .debug_macro   0x000000000001593f       0x58 ./Core/Src/main.o
 .debug_macro   0x0000000000015997       0x71 ./Core/Src/main.o
 .debug_macro   0x0000000000015a08       0x1c ./Core/Src/main.o
 .debug_macro   0x0000000000015a24      0x12a ./Core/Src/main.o
 .debug_macro   0x0000000000015b4e       0x10 ./Core/Src/main.o
 .debug_macro   0x0000000000015b5e       0x1c ./Core/Src/main.o
 .debug_macro   0x0000000000015b7a       0x52 ./Core/Src/main.o
 .debug_macro   0x0000000000015bcc       0x22 ./Core/Src/main.o
 .debug_macro   0x0000000000015bee       0x10 ./Core/Src/main.o
 .debug_macro   0x0000000000015bfe       0x52 ./Core/Src/main.o
 .debug_macro   0x0000000000015c50       0xd5 ./Core/Src/main.o
 .debug_macro   0x0000000000015d25       0x1c ./Core/Src/main.o
 .debug_macro   0x0000000000015d41       0x3d ./Core/Src/main.o
 .debug_macro   0x0000000000015d7e       0x16 ./Core/Src/main.o
 .debug_macro   0x0000000000015d94      0x145 ./Core/Src/main.o
 .debug_macro   0x0000000000015ed9       0x16 ./Core/Src/main.o
 .debug_macro   0x0000000000015eef       0x16 ./Core/Src/main.o
 .debug_macro   0x0000000000015f05       0x29 ./Core/Src/main.o
 .debug_macro   0x0000000000015f2e       0x16 ./Core/Src/main.o
 .debug_macro   0x0000000000015f44       0x20 ./Core/Src/main.o
 .debug_macro   0x0000000000015f64       0x5f ./Core/Src/main.o
 .debug_macro   0x0000000000015fc3      0x1c8 ./Core/Src/main.o
 .debug_macro   0x000000000001618b      0x1b2 ./Core/Src/stm32f1xx_hal_msp.o
 .debug_macro   0x000000000001633d      0x1bc ./Core/Src/stm32f1xx_it.o
 .debug_macro   0x00000000000164f9      0x1a8 ./Core/Src/system_stm32f1xx.o
 .debug_macro   0x00000000000166a1      0x1cc ./Drivers/STM32F1xx_HAL_Driver/Src/stm32f1xx_hal.o
 .debug_macro   0x000000000001686d      0x1a8 ./Drivers/STM32F1xx_HAL_Driver/Src/stm32f1xx_hal_cortex.o
 .debug_macro   0x0000000000016a15      0x213 ./Drivers/STM32F1xx_HAL_Driver/Src/stm32f1xx_hal_gpio.o
 .debug_macro   0x0000000000016c28      0x1b4 ./Drivers/STM32F1xx_HAL_Driver/Src/stm32f1xx_hal_pcd.o
 .debug_macro   0x0000000000016ddc      0x1a8 ./Drivers/STM32F1xx_HAL_Driver/Src/stm32f1xx_hal_pcd_ex.o
 .debug_macro   0x0000000000016f84      0x1ba ./Drivers/STM32F1xx_HAL_Driver/Src/stm32f1xx_hal_rcc.o
 .debug_macro   0x000000000001713e      0x1a8 ./Drivers/STM32F1xx_HAL_Driver/Src/stm32f1xx_hal_rcc_ex.o
 .debug_macro   0x00000000000172e6      0x1a8 ./Drivers/STM32F1xx_HAL_Driver/Src/stm32f1xx_ll_usb.o
 .debug_macro   0x000000000001748e      0x3c8 ./Middlewares/ST/STM32_USB_Device_Library/Class/HID/Src/usbd_hid.o
 .debug_macro   0x0000000000017856       0x97 ./Middlewares/ST/STM32_USB_Device_Library/Class/HID/Src/usbd_hid.o
 .debug_macro   0x00000000000178ed       0xfd ./Middlewares/ST/STM32_USB_Device_Library/Class/HID/Src/usbd_hid.o
 .debug_macro   0x00000000000179ea       0x56 ./Middlewares/ST/STM32_USB_Device_Library/Class/HID/Src/usbd_hid.o
 .debug_macro   0x0000000000017a40       0x5e ./Middlewares/ST/STM32_USB_Device_Library/Class/HID/Src/usbd_hid.o
 .debug_macro   0x0000000000017a9e      0x3af ./Middlewares/ST/STM32_USB_Device_Library/Core/Src/usbd_core.o
 .debug_macro   0x0000000000017e4d      0x1ce ./Middlewares/ST/STM32_USB_Device_Library/Core/Src/usbd_core.o
 .debug_macro   0x000000000001801b      0x3b9 ./Middlewares/ST/STM32_USB_Device_Library/Core/Src/usbd_ctlreq.o
 .debug_macro   0x00000000000183d4      0x3b5 ./Middlewares/ST/STM32_USB_Device_Library/Core/Src/usbd_ioreq.o
 .debug_macro   0x0000000000018789      0x3e5 ./USB_DEVICE/App/usb_device.o
 .debug_macro   0x0000000000018b6e       0x22 ./USB_DEVICE/App/usb_device.o
 .debug_macro   0x0000000000018b90      0x3ec ./USB_DEVICE/App/usbd_desc.o
 .debug_macro   0x0000000000018f7c       0x1c ./USB_DEVICE/App/usbd_desc.o
 .debug_macro   0x0000000000018f98      0x3d2 ./USB_DEVICE/Target/usbd_conf.o

.debug_line     0x0000000000000000     0xd247
 .debug_line    0x0000000000000000      0x684 ./Core/Src/key_functions.o
 .debug_line    0x0000000000000684      0x9a4 ./Core/Src/main.o
 .debug_line    0x0000000000001028      0x62c ./Core/Src/stm32f1xx_hal_msp.o
 .debug_line    0x0000000000001654      0x706 ./Core/Src/stm32f1xx_it.o
 .debug_line    0x0000000000001d5a      0x6aa ./Core/Src/system_stm32f1xx.o
 .debug_line    0x0000000000002404       0x86 ./Core/Startup/startup_stm32f103c8tx.o
 .debug_line    0x000000000000248a      0x8d7 ./Drivers/STM32F1xx_HAL_Driver/Src/stm32f1xx_hal.o
 .debug_line    0x0000000000002d61      0xabf ./Drivers/STM32F1xx_HAL_Driver/Src/stm32f1xx_hal_cortex.o
 .debug_line    0x0000000000003820      0x970 ./Drivers/STM32F1xx_HAL_Driver/Src/stm32f1xx_hal_gpio.o
 .debug_line    0x0000000000004190     0x1308 ./Drivers/STM32F1xx_HAL_Driver/Src/stm32f1xx_hal_pcd.o
 .debug_line    0x0000000000005498      0x6a5 ./Drivers/STM32F1xx_HAL_Driver/Src/stm32f1xx_hal_pcd_ex.o
 .debug_line    0x0000000000005b3d      0xce3 ./Drivers/STM32F1xx_HAL_Driver/Src/stm32f1xx_hal_rcc.o
 .debug_line    0x0000000000006820      0x81e ./Drivers/STM32F1xx_HAL_Driver/Src/stm32f1xx_hal_rcc_ex.o
 .debug_line    0x000000000000703e      0xf8c ./Drivers/STM32F1xx_HAL_Driver/Src/stm32f1xx_ll_usb.o
 .debug_line    0x0000000000007fca      0xb5e ./Middlewares/ST/STM32_USB_Device_Library/Class/HID/Src/usbd_hid.o
 .debug_line    0x0000000000008b28      0xd25 ./Middlewares/ST/STM32_USB_Device_Library/Core/Src/usbd_core.o
 .debug_line    0x000000000000984d      0xf47 ./Middlewares/ST/STM32_USB_Device_Library/Core/Src/usbd_ctlreq.o
 .debug_line    0x000000000000a794      0x9bb ./Middlewares/ST/STM32_USB_Device_Library/Core/Src/usbd_ioreq.o
 .debug_line    0x000000000000b14f      0x960 ./USB_DEVICE/App/usb_device.o
 .debug_line    0x000000000000baaf      0xa44 ./USB_DEVICE/App/usbd_desc.o
 .debug_line    0x000000000000c4f3      0xd54 ./USB_DEVICE/Target/usbd_conf.o

.debug_str      0x0000000000000000    0x848f1
 .debug_str     0x0000000000000000    0x7d2cc ./Core/Src/key_functions.o
                                      0x7d611 (size before relaxing)
 .debug_str     0x000000000007d2cc     0x4b43 ./Core/Src/main.o
                                      0x820c2 (size before relaxing)
 .debug_str     0x0000000000081e0f       0x5a ./Core/Src/stm32f1xx_hal_msp.o
                                      0x7d52d (size before relaxing)
 .debug_str     0x0000000000081e69      0x408 ./Core/Src/stm32f1xx_it.o
                                      0x7d901 (size before relaxing)
 .debug_str     0x0000000000082271       0x7e ./Core/Src/system_stm32f1xx.o
                                      0x7d558 (size before relaxing)
 .debug_str     0x00000000000822ef       0x36 ./Core/Startup/startup_stm32f103c8tx.o
                                         0x7a (size before relaxing)
 .debug_str     0x0000000000082325      0x607 ./Drivers/STM32F1xx_HAL_Driver/Src/stm32f1xx_hal.o
                                      0x7dc8b (size before relaxing)
 .debug_str     0x000000000008292c      0x293 ./Drivers/STM32F1xx_HAL_Driver/Src/stm32f1xx_hal_cortex.o
                                      0x7dbd7 (size before relaxing)
 .debug_str     0x0000000000082bbf      0x2dc ./Drivers/STM32F1xx_HAL_Driver/Src/stm32f1xx_hal_gpio.o
                                      0x7d8de (size before relaxing)
 .debug_str     0x0000000000082e9b      0x5bd ./Drivers/STM32F1xx_HAL_Driver/Src/stm32f1xx_hal_pcd.o
                                      0x7de6a (size before relaxing)
 .debug_str     0x0000000000083458      0x170 ./Drivers/STM32F1xx_HAL_Driver/Src/stm32f1xx_hal_pcd_ex.o
                                      0x7d9cc (size before relaxing)
 .debug_str     0x00000000000835c8      0x229 ./Drivers/STM32F1xx_HAL_Driver/Src/stm32f1xx_hal_rcc.o
                                      0x7d987 (size before relaxing)
 .debug_str     0x00000000000837f1       0x9f ./Drivers/STM32F1xx_HAL_Driver/Src/stm32f1xx_hal_rcc_ex.o
                                      0x7d6d7 (size before relaxing)
 .debug_str     0x0000000000083890      0x129 ./Drivers/STM32F1xx_HAL_Driver/Src/stm32f1xx_ll_usb.o
                                      0x7da1e (size before relaxing)
 .debug_str     0x00000000000839b9      0x78d ./Middlewares/ST/STM32_USB_Device_Library/Class/HID/Src/usbd_hid.o
                                      0x8250f (size before relaxing)
 .debug_str     0x0000000000084146      0x298 ./Middlewares/ST/STM32_USB_Device_Library/Core/Src/usbd_core.o
                                      0x823aa (size before relaxing)
 .debug_str     0x00000000000843de      0x11b ./Middlewares/ST/STM32_USB_Device_Library/Core/Src/usbd_ctlreq.o
                                      0x822c4 (size before relaxing)
 .debug_str     0x00000000000844f9       0x79 ./Middlewares/ST/STM32_USB_Device_Library/Core/Src/usbd_ioreq.o
                                      0x821f1 (size before relaxing)
 .debug_str     0x0000000000084572       0xaf ./USB_DEVICE/App/usb_device.o
                                      0x82366 (size before relaxing)
 .debug_str     0x0000000000084621      0x258 ./USB_DEVICE/App/usbd_desc.o
                                      0x8212d (size before relaxing)
 .debug_str     0x0000000000084879       0x78 ./USB_DEVICE/Target/usbd_conf.o
                                      0x82e99 (size before relaxing)

.comment        0x0000000000000000       0x50
 .comment       0x0000000000000000       0x50 ./Core/Src/key_functions.o
                                         0x51 (size before relaxing)
 .comment       0x0000000000000050       0x51 ./Core/Src/main.o
 .comment       0x0000000000000050       0x51 ./Core/Src/stm32f1xx_hal_msp.o
 .comment       0x0000000000000050       0x51 ./Core/Src/stm32f1xx_it.o
 .comment       0x0000000000000050       0x51 ./Core/Src/system_stm32f1xx.o
 .comment       0x0000000000000050       0x51 ./Drivers/STM32F1xx_HAL_Driver/Src/stm32f1xx_hal.o
 .comment       0x0000000000000050       0x51 ./Drivers/STM32F1xx_HAL_Driver/Src/stm32f1xx_hal_cortex.o
 .comment       0x0000000000000050       0x51 ./Drivers/STM32F1xx_HAL_Driver/Src/stm32f1xx_hal_gpio.o
 .comment       0x0000000000000050       0x51 ./Drivers/STM32F1xx_HAL_Driver/Src/stm32f1xx_hal_pcd.o
 .comment       0x0000000000000050       0x51 ./Drivers/STM32F1xx_HAL_Driver/Src/stm32f1xx_hal_pcd_ex.o
 .comment       0x0000000000000050       0x51 ./Drivers/STM32F1xx_HAL_Driver/Src/stm32f1xx_hal_rcc.o
 .comment       0x0000000000000050       0x51 ./Drivers/STM32F1xx_HAL_Driver/Src/stm32f1xx_hal_rcc_ex.o
 .comment       0x0000000000000050       0x51 ./Drivers/STM32F1xx_HAL_Driver/Src/stm32f1xx_ll_usb.o
 .comment       0x0000000000000050       0x51 ./Middlewares/ST/STM32_USB_Device_Library/Class/HID/Src/usbd_hid.o
 .comment       0x0000000000000050       0x51 ./Middlewares/ST/STM32_USB_Device_Library/Core/Src/usbd_core.o
 .comment       0x0000000000000050       0x51 ./Middlewares/ST/STM32_USB_Device_Library/Core/Src/usbd_ctlreq.o
 .comment       0x0000000000000050       0x51 ./Middlewares/ST/STM32_USB_Device_Library/Core/Src/usbd_ioreq.o
 .comment       0x0000000000000050       0x51 ./USB_DEVICE/App/usb_device.o
 .comment       0x0000000000000050       0x51 ./USB_DEVICE/App/usbd_desc.o
 .comment       0x0000000000000050       0x51 ./USB_DEVICE/Target/usbd_conf.o

.debug_frame    0x0000000000000000     0x26a4
 .debug_frame   0x0000000000000000       0x34 ./Core/Src/key_functions.o
 .debug_frame   0x0000000000000034       0x8c ./Core/Src/main.o
 .debug_frame   0x00000000000000c0       0x38 ./Core/Src/stm32f1xx_hal_msp.o
 .debug_frame   0x00000000000000f8      0x120 ./Core/Src/stm32f1xx_it.o
 .debug_frame   0x0000000000000218       0x58 ./Core/Src/system_stm32f1xx.o
 .debug_frame   0x0000000000000270      0x334 ./Drivers/STM32F1xx_HAL_Driver/Src/stm32f1xx_hal.o
 .debug_frame   0x00000000000005a4      0x428 ./Drivers/STM32F1xx_HAL_Driver/Src/stm32f1xx_hal_cortex.o
 .debug_frame   0x00000000000009cc      0x14c ./Drivers/STM32F1xx_HAL_Driver/Src/stm32f1xx_hal_gpio.o
 .debug_frame   0x0000000000000b18      0x59c ./Drivers/STM32F1xx_HAL_Driver/Src/stm32f1xx_hal_pcd.o
 .debug_frame   0x00000000000010b4       0xb0 ./Drivers/STM32F1xx_HAL_Driver/Src/stm32f1xx_hal_pcd_ex.o
 .debug_frame   0x0000000000001164      0x218 ./Drivers/STM32F1xx_HAL_Driver/Src/stm32f1xx_hal_rcc.o
 .debug_frame   0x000000000000137c       0x80 ./Drivers/STM32F1xx_HAL_Driver/Src/stm32f1xx_hal_rcc_ex.o
 .debug_frame   0x00000000000013fc      0x478 ./Drivers/STM32F1xx_HAL_Driver/Src/stm32f1xx_ll_usb.o
 .debug_frame   0x0000000000001874      0x190 ./Middlewares/ST/STM32_USB_Device_Library/Class/HID/Src/usbd_hid.o
 .debug_frame   0x0000000000001a04      0x300 ./Middlewares/ST/STM32_USB_Device_Library/Core/Src/usbd_core.o
 .debug_frame   0x0000000000001d04      0x218 ./Middlewares/ST/STM32_USB_Device_Library/Core/Src/usbd_ctlreq.o
 .debug_frame   0x0000000000001f1c      0x10c ./Middlewares/ST/STM32_USB_Device_Library/Core/Src/usbd_ioreq.o
 .debug_frame   0x0000000000002028       0x2c ./USB_DEVICE/App/usb_device.o
 .debug_frame   0x0000000000002054      0x160 ./USB_DEVICE/App/usbd_desc.o
 .debug_frame   0x00000000000021b4      0x4a4 ./USB_DEVICE/Target/usbd_conf.o
 .debug_frame   0x0000000000002658       0x2c /app/stm32cubeide/plugins/com.st.stm32cube.ide.mcu.externaltools.gnu-tools-for-stm32.10.3-2021.10.linux64_1.0.200.202301161003/tools/bin/../lib/gcc/arm-none-eabi/10.3.1/../../../../arm-none-eabi/lib/thumb/v7-m/nofp/libc_nano.a(lib_a-init.o)
 .debug_frame   0x0000000000002684       0x20 /app/stm32cubeide/plugins/com.st.stm32cube.ide.mcu.externaltools.gnu-tools-for-stm32.10.3-2021.10.linux64_1.0.200.202301161003/tools/bin/../lib/gcc/arm-none-eabi/10.3.1/../../../../arm-none-eabi/lib/thumb/v7-m/nofp/libc_nano.a(lib_a-memset.o)
